../Core/Src/main.c:75:6:HAL_TIM_PWM_PulseFinishedCallback	16	static
../Core/Src/main.c:86:6:HAL_TIM_PeriodElapsedCallback	16	static
../Core/Src/main.c:103:6:HAL_ADC_ConvCpltCallback	24	static
../Core/Src/main.c:145:5:main	8	static
../Core/Src/main.c:302:6:SystemClock_Config	88	static
../Core/Src/main.c:348:13:MX_ADC1_Init	24	static
../Core/Src/main.c:409:13:MX_TIM2_Init	64	static
../Core/Src/main.c:468:13:MX_TIM4_Init	32	static
../Core/Src/main.c:513:13:MX_TIM5_Init	32	static
../Core/Src/main.c:556:13:MX_DMA_Init	16	static
../Core/Src/main.c:578:13:MX_GPIO_Init	48	static
../Core/Src/main.c:622:6:Error_Handler	4	static,ignoring_inline_asm
