Archive member included to satisfy reference by file (symbol)

D:/ST/STM32CubeIde1.17/STM32CubeIDE_1.17.0/STM32CubeIDE/plugins/com.st.stm32cube.ide.mcu.externaltools.gnu-tools-for-stm32.12.3.rel1.win32_1.1.0.202410251130/tools/bin/../lib/gcc/arm-none-eabi/12.3.1/../../../../arm-none-eabi/lib/thumb/v7e-m+fp/hard\libc_nano.a(libc_a-exit.o)
                              D:/ST/STM32CubeIde1.17/STM32CubeIDE_1.17.0/STM32CubeIDE/plugins/com.st.stm32cube.ide.mcu.externaltools.gnu-tools-for-stm32.12.3.rel1.win32_1.1.0.202410251130/tools/bin/../lib/gcc/arm-none-eabi/12.3.1/../../../../arm-none-eabi/lib/thumb/v7e-m+fp/hard/crt0.o (exit)
D:/ST/STM32CubeIde1.17/STM32CubeIDE_1.17.0/STM32CubeIDE/plugins/com.st.stm32cube.ide.mcu.externaltools.gnu-tools-for-stm32.12.3.rel1.win32_1.1.0.202410251130/tools/bin/../lib/gcc/arm-none-eabi/12.3.1/../../../../arm-none-eabi/lib/thumb/v7e-m+fp/hard\libc_nano.a(libc_a-findfp.o)
                              D:/ST/STM32CubeIde1.17/STM32CubeIDE_1.17.0/STM32CubeIDE/plugins/com.st.stm32cube.ide.mcu.externaltools.gnu-tools-for-stm32.12.3.rel1.win32_1.1.0.202410251130/tools/bin/../lib/gcc/arm-none-eabi/12.3.1/../../../../arm-none-eabi/lib/thumb/v7e-m+fp/hard\libc_nano.a(libc_a-exit.o) (__stdio_exit_handler)
D:/ST/STM32CubeIde1.17/STM32CubeIDE_1.17.0/STM32CubeIDE/plugins/com.st.stm32cube.ide.mcu.externaltools.gnu-tools-for-stm32.12.3.rel1.win32_1.1.0.202410251130/tools/bin/../lib/gcc/arm-none-eabi/12.3.1/../../../../arm-none-eabi/lib/thumb/v7e-m+fp/hard\libc_nano.a(libc_a-fwalk.o)
                              D:/ST/STM32CubeIde1.17/STM32CubeIDE_1.17.0/STM32CubeIDE/plugins/com.st.stm32cube.ide.mcu.externaltools.gnu-tools-for-stm32.12.3.rel1.win32_1.1.0.202410251130/tools/bin/../lib/gcc/arm-none-eabi/12.3.1/../../../../arm-none-eabi/lib/thumb/v7e-m+fp/hard\libc_nano.a(libc_a-findfp.o) (_fwalk_sglue)
D:/ST/STM32CubeIde1.17/STM32CubeIDE_1.17.0/STM32CubeIDE/plugins/com.st.stm32cube.ide.mcu.externaltools.gnu-tools-for-stm32.12.3.rel1.win32_1.1.0.202410251130/tools/bin/../lib/gcc/arm-none-eabi/12.3.1/../../../../arm-none-eabi/lib/thumb/v7e-m+fp/hard\libc_nano.a(libc_a-stdio.o)
                              D:/ST/STM32CubeIde1.17/STM32CubeIDE_1.17.0/STM32CubeIDE/plugins/com.st.stm32cube.ide.mcu.externaltools.gnu-tools-for-stm32.12.3.rel1.win32_1.1.0.202410251130/tools/bin/../lib/gcc/arm-none-eabi/12.3.1/../../../../arm-none-eabi/lib/thumb/v7e-m+fp/hard\libc_nano.a(libc_a-findfp.o) (__sread)
D:/ST/STM32CubeIde1.17/STM32CubeIDE_1.17.0/STM32CubeIDE/plugins/com.st.stm32cube.ide.mcu.externaltools.gnu-tools-for-stm32.12.3.rel1.win32_1.1.0.202410251130/tools/bin/../lib/gcc/arm-none-eabi/12.3.1/../../../../arm-none-eabi/lib/thumb/v7e-m+fp/hard\libc_nano.a(libc_a-memset.o)
                              D:/ST/STM32CubeIde1.17/STM32CubeIDE_1.17.0/STM32CubeIDE/plugins/com.st.stm32cube.ide.mcu.externaltools.gnu-tools-for-stm32.12.3.rel1.win32_1.1.0.202410251130/tools/bin/../lib/gcc/arm-none-eabi/12.3.1/../../../../arm-none-eabi/lib/thumb/v7e-m+fp/hard/crt0.o (memset)
D:/ST/STM32CubeIde1.17/STM32CubeIDE_1.17.0/STM32CubeIDE/plugins/com.st.stm32cube.ide.mcu.externaltools.gnu-tools-for-stm32.12.3.rel1.win32_1.1.0.202410251130/tools/bin/../lib/gcc/arm-none-eabi/12.3.1/../../../../arm-none-eabi/lib/thumb/v7e-m+fp/hard\libc_nano.a(libc_a-closer.o)
                              D:/ST/STM32CubeIde1.17/STM32CubeIDE_1.17.0/STM32CubeIDE/plugins/com.st.stm32cube.ide.mcu.externaltools.gnu-tools-for-stm32.12.3.rel1.win32_1.1.0.202410251130/tools/bin/../lib/gcc/arm-none-eabi/12.3.1/../../../../arm-none-eabi/lib/thumb/v7e-m+fp/hard\libc_nano.a(libc_a-stdio.o) (_close_r)
D:/ST/STM32CubeIde1.17/STM32CubeIDE_1.17.0/STM32CubeIDE/plugins/com.st.stm32cube.ide.mcu.externaltools.gnu-tools-for-stm32.12.3.rel1.win32_1.1.0.202410251130/tools/bin/../lib/gcc/arm-none-eabi/12.3.1/../../../../arm-none-eabi/lib/thumb/v7e-m+fp/hard\libc_nano.a(libc_a-reent.o)
                              D:/ST/STM32CubeIde1.17/STM32CubeIDE_1.17.0/STM32CubeIDE/plugins/com.st.stm32cube.ide.mcu.externaltools.gnu-tools-for-stm32.12.3.rel1.win32_1.1.0.202410251130/tools/bin/../lib/gcc/arm-none-eabi/12.3.1/../../../../arm-none-eabi/lib/thumb/v7e-m+fp/hard\libc_nano.a(libc_a-closer.o) (errno)
D:/ST/STM32CubeIde1.17/STM32CubeIDE_1.17.0/STM32CubeIDE/plugins/com.st.stm32cube.ide.mcu.externaltools.gnu-tools-for-stm32.12.3.rel1.win32_1.1.0.202410251130/tools/bin/../lib/gcc/arm-none-eabi/12.3.1/../../../../arm-none-eabi/lib/thumb/v7e-m+fp/hard\libc_nano.a(libc_a-impure.o)
                              D:/ST/STM32CubeIde1.17/STM32CubeIDE_1.17.0/STM32CubeIDE/plugins/com.st.stm32cube.ide.mcu.externaltools.gnu-tools-for-stm32.12.3.rel1.win32_1.1.0.202410251130/tools/bin/../lib/gcc/arm-none-eabi/12.3.1/../../../../arm-none-eabi/lib/thumb/v7e-m+fp/hard\libc_nano.a(libc_a-reent.o) (_impure_ptr)
[...]
Memory Configuration

Name             Origin             Length             Attributes
RAM              0x20000000         0x00020000         xrw
FLASH            0x08000000         0x00080000         xr
*default*        0x00000000         0xffffffff

Linker script and memory map

LOAD D:/ST/STM32CubeIde1.17/STM32CubeIDE_1.17.0/STM32CubeIDE/plugins/com.st.stm32cube.ide.mcu.externaltools.gnu-tools-for-stm32.12.3.rel1.win32_1.1.0.202410251130/tools/bin/../lib/gcc/arm-none-eabi/12.3.1/thumb/v7e-m+fp/hard/crti.o
LOAD D:/ST/STM32CubeIde1.17/STM32CubeIDE_1.17.0/STM32CubeIDE/plugins/com.st.stm32cube.ide.mcu.externaltools.gnu-tools-for-stm32.12.3.rel1.win32_1.1.0.202410251130/tools/bin/../lib/gcc/arm-none-eabi/12.3.1/thumb/v7e-m+fp/hard/crtbegin.o
LOAD D:/ST/STM32CubeIde1.17/STM32CubeIDE_1.17.0/STM32CubeIDE/plugins/com.st.stm32cube.ide.mcu.externaltools.gnu-tools-for-stm32.12.3.rel1.win32_1.1.0.202410251130/tools/bin/../lib/gcc/arm-none-eabi/12.3.1/../../../../arm-none-eabi/lib/thumb/v7e-m+fp/hard/crt0.o
LOAD ./Core/Src/main.o
LOAD ./Core/Src/midi.o
LOAD ./Core/Src/note.o
LOAD ./Core/Src/sk6812MiniE.o
LOAD ./Core/Src/stm32f4xx_hal_msp.o
LOAD ./Core/Src/stm32f4xx_it.o
LOAD ./Core/Src/syscalls.o
LOAD ./Core/Src/sysmem.o
LOAD ./Core/Src/system_stm32f4xx.o
LOAD ./Core/Startup/startup_stm32f411ceux.o
LOAD ./Drivers/STM32F4xx_HAL_Driver/Src/stm32f4xx_hal.o
LOAD ./Drivers/STM32F4xx_HAL_Driver/Src/stm32f4xx_hal_adc.o
LOAD ./Drivers/STM32F4xx_HAL_Driver/Src/stm32f4xx_hal_adc_ex.o
LOAD ./Drivers/STM32F4xx_HAL_Driver/Src/stm32f4xx_hal_cortex.o
LOAD ./Drivers/STM32F4xx_HAL_Driver/Src/stm32f4xx_hal_dma.o
LOAD ./Drivers/STM32F4xx_HAL_Driver/Src/stm32f4xx_hal_dma_ex.o
LOAD ./Drivers/STM32F4xx_HAL_Driver/Src/stm32f4xx_hal_exti.o
LOAD ./Drivers/STM32F4xx_HAL_Driver/Src/stm32f4xx_hal_flash.o
LOAD ./Drivers/STM32F4xx_HAL_Driver/Src/stm32f4xx_hal_flash_ex.o
LOAD ./Drivers/STM32F4xx_HAL_Driver/Src/stm32f4xx_hal_flash_ramfunc.o
LOAD ./Drivers/STM32F4xx_HAL_Driver/Src/stm32f4xx_hal_gpio.o
LOAD ./Drivers/STM32F4xx_HAL_Driver/Src/stm32f4xx_hal_pcd.o
LOAD ./Drivers/STM32F4xx_HAL_Driver/Src/stm32f4xx_hal_pcd_ex.o
LOAD ./Drivers/STM32F4xx_HAL_Driver/Src/stm32f4xx_hal_pwr.o
LOAD ./Drivers/STM32F4xx_HAL_Driver/Src/stm32f4xx_hal_pwr_ex.o
LOAD ./Drivers/STM32F4xx_HAL_Driver/Src/stm32f4xx_hal_rcc.o
LOAD ./Drivers/STM32F4xx_HAL_Driver/Src/stm32f4xx_hal_rcc_ex.o
LOAD ./Drivers/STM32F4xx_HAL_Driver/Src/stm32f4xx_hal_tim.o
LOAD ./Drivers/STM32F4xx_HAL_Driver/Src/stm32f4xx_hal_tim_ex.o
LOAD ./Drivers/STM32F4xx_HAL_Driver/Src/stm32f4xx_ll_adc.o
LOAD ./Drivers/STM32F4xx_HAL_Driver/Src/stm32f4xx_ll_usb.o
LOAD ./Middlewares/ST/STM32_USB_Device_Library/Class/HID/Src/usbd_hid.o
LOAD ./Middlewares/ST/STM32_USB_Device_Library/Core/Src/usbd_core.o
LOAD ./Middlewares/ST/STM32_USB_Device_Library/Core/Src/usbd_ctlreq.o
LOAD ./Middlewares/ST/STM32_USB_Device_Library/Core/Src/usbd_ioreq.o
LOAD ./USB_DEVICE/App/usb_device.o
LOAD ./USB_DEVICE/App/usbd_desc.o
LOAD ./USB_DEVICE/Target/usbd_conf.o
START GROUP
LOAD D:/ST/STM32CubeIde1.17/STM32CubeIDE_1.17.0/STM32CubeIDE/plugins/com.st.stm32cube.ide.mcu.externaltools.gnu-tools-for-stm32.12.3.rel1.win32_1.1.0.202410251130/tools/bin/../lib/gcc/arm-none-eabi/12.3.1/../../../../arm-none-eabi/lib/thumb/v7e-m+fp/hard\libc_nano.a
LOAD D:/ST/STM32CubeIde1.17/STM32CubeIDE_1.17.0/STM32CubeIDE/plugins/com.st.stm32cube.ide.mcu.externaltools.gnu-tools-for-stm32.12.3.rel1.win32_1.1.0.202410251130/tools/bin/../lib/gcc/arm-none-eabi/12.3.1/../../../../arm-none-eabi/lib/thumb/v7e-m+fp/hard\libm.a
END GROUP
START GROUP
LOAD D:/ST/STM32CubeIde1.17/STM32CubeIDE_1.17.0/STM32CubeIDE/plugins/com.st.stm32cube.ide.mcu.externaltools.gnu-tools-for-stm32.12.3.rel1.win32_1.1.0.202410251130/tools/bin/../lib/gcc/arm-none-eabi/12.3.1/thumb/v7e-m+fp/hard\libgcc.a
LOAD D:/ST/STM32CubeIde1.17/STM32CubeIDE_1.17.0/STM32CubeIDE/plugins/com.st.stm32cube.ide.mcu.externaltools.gnu-tools-for-stm32.12.3.rel1.win32_1.1.0.202410251130/tools/bin/../lib/gcc/arm-none-eabi/12.3.1/../../../../arm-none-eabi/lib/thumb/v7e-m+fp/hard\libc_nano.a
END GROUP
START GROUP
LOAD D:/ST/STM32CubeIde1.17/STM32CubeIDE_1.17.0/STM32CubeIDE/plugins/com.st.stm32cube.ide.mcu.externaltools.gnu-tools-for-stm32.12.3.rel1.win32_1.1.0.202410251130/tools/bin/../lib/gcc/arm-none-eabi/12.3.1/thumb/v7e-m+fp/hard\libgcc.a
LOAD D:/ST/STM32CubeIde1.17/STM32CubeIDE_1.17.0/STM32CubeIDE/plugins/com.st.stm32cube.ide.mcu.externaltools.gnu-tools-for-stm32.12.3.rel1.win32_1.1.0.202410251130/tools/bin/../lib/gcc/arm-none-eabi/12.3.1/../../../../arm-none-eabi/lib/thumb/v7e-m+fp/hard\libc_nano.a
LOAD D:/ST/STM32CubeIde1.17/STM32CubeIDE_1.17.0/STM32CubeIDE/plugins/com.st.stm32cube.ide.mcu.externaltools.gnu-tools-for-stm32.12.3.rel1.win32_1.1.0.202410251130/tools/bin/../lib/gcc/arm-none-eabi/12.3.1/../../../../arm-none-eabi/lib/thumb/v7e-m+fp/hard\libnosys.a
END GROUP
START GROUP
LOAD D:/ST/STM32CubeIde1.17/STM32CubeIDE_1.17.0/STM32CubeIDE/plugins/com.st.stm32cube.ide.mcu.externaltools.gnu-tools-for-stm32.12.3.rel1.win32_1.1.0.202410251130/tools/bin/../lib/gcc/arm-none-eabi/12.3.1/thumb/v7e-m+fp/hard\libgcc.a
LOAD D:/ST/STM32CubeIde1.17/STM32CubeIDE_1.17.0/STM32CubeIDE/plugins/com.st.stm32cube.ide.mcu.externaltools.gnu-tools-for-stm32.12.3.rel1.win32_1.1.0.202410251130/tools/bin/../lib/gcc/arm-none-eabi/12.3.1/../../../../arm-none-eabi/lib/thumb/v7e-m+fp/hard\libc_nano.a
LOAD D:/ST/STM32CubeIde1.17/STM32CubeIDE_1.17.0/STM32CubeIDE/plugins/com.st.stm32cube.ide.mcu.externaltools.gnu-tools-for-stm32.12.3.rel1.win32_1.1.0.202410251130/tools/bin/../lib/gcc/arm-none-eabi/12.3.1/../../../../arm-none-eabi/lib/thumb/v7e-m+fp/hard\libnosys.a
END GROUP
LOAD D:/ST/STM32CubeIde1.17/STM32CubeIDE_1.17.0/STM32CubeIDE/plugins/com.st.stm32cube.ide.mcu.externaltools.gnu-tools-for-stm32.12.3.rel1.win32_1.1.0.202410251130/tools/bin/../lib/gcc/arm-none-eabi/12.3.1/thumb/v7e-m+fp/hard/crtend.o
LOAD D:/ST/STM32CubeIde1.17/STM32CubeIDE_1.17.0/STM32CubeIDE/plugins/com.st.stm32cube.ide.mcu.externaltools.gnu-tools-for-stm32.12.3.rel1.win32_1.1.0.202410251130/tools/bin/../lib/gcc/arm-none-eabi/12.3.1/thumb/v7e-m+fp/hard/crtn.o
                0x20020000                        _estack = (ORIGIN (RAM) + LENGTH (RAM))
                0x00000200                        _Min_Heap_Size = 0x200
                0x00000400                        _Min_Stack_Size = 0x400

.isr_vector     0x08000000      0x198
                0x08000000                        . = ALIGN (0x4)
 *(.isr_vector)
 .isr_vector    0x08000000      0x198 ./Core/Startup/startup_stm32f411ceux.o
                0x08000000                g_pfnVectors
                0x08000198                        . = ALIGN (0x4)

.text           0x08000198     0xa4e0
                0x08000198                        . = ALIGN (0x4)
 *(.text)
 .text          0x08000198       0x40 D:/ST/STM32CubeIde1.17/STM32CubeIDE_1.17.0/STM32CubeIDE/plugins/com.st.stm32cube.ide.mcu.externaltools.gnu-tools-for-stm32.12.3.rel1.win32_1.1.0.202410251130/tools/bin/../lib/gcc/arm-none-eabi/12.3.1/thumb/v7e-m+fp/hard/crtbegin.o
 .text          0x080001d8      0x254 D:/ST/STM32CubeIde1.17/STM32CubeIDE_1.17.0/STM32CubeIDE/plugins/com.st.stm32cube.ide.mcu.externaltools.gnu-tools-for-stm32.12.3.rel1.win32_1.1.0.202410251130/tools/bin/../lib/gcc/arm-none-eabi/12.3.1/thumb/v7e-m+fp/hard\libgcc.a(_arm_muldf3.o)
                0x080001d8                __muldf3
                0x080001d8                __aeabi_dmul
 .text          0x0800042c      0x378 D:/ST/STM32CubeIde1.17/STM32CubeIDE_1.17.0/STM32CubeIDE/plugins/com.st.stm32cube.ide.mcu.externaltools.gnu-tools-for-stm32.12.3.rel1.win32_1.1.0.202410251130/tools/bin/../lib/gcc/arm-none-eabi/12.3.1/thumb/v7e-m+fp/hard\libgcc.a(_arm_addsubdf3.o)
                0x0800042c                __aeabi_drsub
                0x08000434                __aeabi_dsub
                0x08000434                __subdf3
                0x08000438                __aeabi_dadd
                0x08000438                __adddf3
                0x080006b0                __floatunsidf
                0x080006b0                __aeabi_ui2d
                0x080006d0                __floatsidf
                0x080006d0                __aeabi_i2d
                0x080006f4                __aeabi_f2d
                0x080006f4                __extendsfdf2
                0x08000738                __floatundidf
                0x08000738                __aeabi_ul2d
                0x08000748                __floatdidf
                0x08000748                __aeabi_l2d
 .text          0x080007a4       0x40 D:/ST/STM32CubeIde1.17/STM32CubeIDE_1.17.0/STM32CubeIDE/plugins/com.st.stm32cube.ide.mcu.externaltools.gnu-tools-for-stm32.12.3.rel1.win32_1.1.0.202410251130/tools/bin/../lib/gcc/arm-none-eabi/12.3.1/thumb/v7e-m+fp/hard\libgcc.a(_arm_fixunsdfsi.o)
                0x080007a4                __aeabi_d2uiz
                0x080007a4                __fixunsdfsi
 .text          0x080007e4       0xa0 D:/ST/STM32CubeIde1.17/STM32CubeIDE_1.17.0/STM32CubeIDE/plugins/com.st.stm32cube.ide.mcu.externaltools.gnu-tools-for-stm32.12.3.rel1.win32_1.1.0.202410251130/tools/bin/../lib/gcc/arm-none-eabi/12.3.1/thumb/v7e-m+fp/hard\libgcc.a(_arm_truncdfsf2.o)
                0x080007e4                __truncdfsf2
                0x080007e4                __aeabi_d2f
 .text          0x08000884       0x30 D:/ST/STM32CubeIde1.17/STM32CubeIDE_1.17.0/STM32CubeIDE/plugins/com.st.stm32cube.ide.mcu.externaltools.gnu-tools-for-stm32.12.3.rel1.win32_1.1.0.202410251130/tools/bin/../lib/gcc/arm-none-eabi/12.3.1/thumb/v7e-m+fp/hard\libgcc.a(_aeabi_uldivmod.o)
                0x08000884                __aeabi_uldivmod
 .text          0x080008b4      0x2bc D:/ST/STM32CubeIde1.17/STM32CubeIDE_1.17.0/STM32CubeIDE/plugins/com.st.stm32cube.ide.mcu.externaltools.gnu-tools-for-stm32.12.3.rel1.win32_1.1.0.202410251130/tools/bin/../lib/gcc/arm-none-eabi/12.3.1/thumb/v7e-m+fp/hard\libgcc.a(_udivmoddi4.o)
                0x080008b4                __udivmoddi4
 .text          0x08000b70        0x4 D:/ST/STM32CubeIde1.17/STM32CubeIDE_1.17.0/STM32CubeIDE/plugins/com.st.stm32cube.ide.mcu.externaltools.gnu-tools-for-stm32.12.3.rel1.win32_1.1.0.202410251130/tools/bin/../lib/gcc/arm-none-eabi/12.3.1/thumb/v7e-m+fp/hard\libgcc.a(_dvmd_tls.o)
                0x08000b70                __aeabi_idiv0
                0x08000b70                __aeabi_ldiv0
 *(.text*)
 .text.HAL_TIM_PWM_PulseFinishedCallback
                0x08000b74       0x1e ./Core/Src/main.o
                0x08000b74                HAL_TIM_PWM_PulseFinishedCallback
 *fill*         0x08000b92        0x2 
 .text.HAL_TIM_PeriodElapsedCallback
                0x08000b94       0x58 ./Core/Src/main.o
                0x08000b94                HAL_TIM_PeriodElapsedCallback
 .text.HAL_ADC_ConvCpltCallback
                0x08000bec       0xb0 ./Core/Src/main.o
                0x08000bec                HAL_ADC_ConvCpltCallback
 .text.main     0x08000c9c       0x88 ./Core/Src/main.o
                0x08000c9c                main
 .text.SystemClock_Config
                0x08000d24       0xd0 ./Core/Src/main.o
                0x08000d24                SystemClock_Config
 .text.MX_ADC1_Init
                0x08000df4       0xc0 ./Core/Src/main.o
 .text.MX_TIM2_Init
                0x08000eb4       0xe8 ./Core/Src/main.o
 .text.MX_TIM4_Init
                0x08000f9c       0x9c ./Core/Src/main.o
 .text.MX_TIM5_Init
                0x08001038       0x9c ./Core/Src/main.o
 .text.MX_DMA_Init
                0x080010d4       0x6c ./Core/Src/main.o
 .text.MX_GPIO_Init
                0x08001140       0xec ./Core/Src/main.o
 .text.Error_Handler
                0x0800122c        0xc ./Core/Src/main.o
                0x0800122c                Error_Handler
 .text.midiInit
                0x08001238        0xe ./Core/Src/midi.o
                0x08001238                midiInit
 *fill*         0x08001246        0x2 
 .text.midiAddMsg
                0x08001248       0x60 ./Core/Src/midi.o
                0x08001248                midiAddMsg
 .text.MidiSend
                0x080012a8       0x3c ./Core/Src/midi.o
                0x080012a8                MidiSend
 .text.MidiNoteOff
                0x080012e4       0x50 ./Core/Src/midi.o
                0x080012e4                MidiNoteOff
 .text.MidiNoteOn
                0x08001334       0x50 ./Core/Src/midi.o
                0x08001334                MidiNoteOn
 .text.MidiNoteSus
                0x08001384       0x50 ./Core/Src/midi.o
                0x08001384                MidiNoteSus
 .text.MidiCC   0x080013d4       0x50 ./Core/Src/midi.o
                0x080013d4                MidiCC
 .text.noteInit
                0x08001424      0x2e8 ./Core/Src/note.o
                0x08001424                noteInit
 *fill*         0x0800170c        0x4 
 .text.noteScan
                0x08001710      0x110 ./Core/Src/note.o
                0x08001710                noteScan
 .text.triggerFunction
                0x08001820       0xa8 ./Core/Src/note.o
                0x08001820                triggerFunction
 .text.holdFunction
                0x080018c8       0x5a ./Core/Src/note.o
                0x080018c8                holdFunction
 *fill*         0x08001922        0x2 
 .text.releaseFunction
                0x08001924       0x70 ./Core/Src/note.o
                0x08001924                releaseFunction
 .text.octDownTrig
                0x08001994       0x3c ./Core/Src/note.o
                0x08001994                octDownTrig
 .text.octUpTrig
                0x080019d0       0x3c ./Core/Src/note.o
                0x080019d0                octUpTrig
 .text.octDownRel
                0x08001a0c       0x1a ./Core/Src/note.o
                0x08001a0c                octDownRel
 .text.controlFunction
                0x08001a26       0x94 ./Core/Src/note.o
                0x08001a26                controlFunction
 *fill*         0x08001aba        0x2 
 .text.controlTrig
                0x08001abc       0x90 ./Core/Src/note.o
                0x08001abc                controlTrig
 .text.controlRel
                0x08001b4c       0x44 ./Core/Src/note.o
                0x08001b4c                controlRel
 .text.octaveUpdate
                0x08001b90      0x100 ./Core/Src/note.o
                0x08001b90                octaveUpdate
 .text.selectMuxPin
                0x08001c90       0x68 ./Core/Src/note.o
                0x08001c90                selectMuxPin
 .text.lerpF    0x08001cf8       0x68 ./Core/Src/note.o
                0x08001cf8                lerpF
 .text.SK6812_Init
                0x08001d60       0x54 ./Core/Src/sk6812MiniE.o
                0x08001d60                SK6812_Init
 .text.SK6812_SetColour
                0x08001db4       0x54 ./Core/Src/sk6812MiniE.o
                0x08001db4                SK6812_SetColour
 .text.SK6812_Update
                0x08001e08       0xb0 ./Core/Src/sk6812MiniE.o
                0x08001e08                SK6812_Update
 .text.SK6812_Callback
                0x08001eb8       0x20 ./Core/Src/sk6812MiniE.o
                0x08001eb8                SK6812_Callback
 .text.HAL_MspInit
                0x08001ed8       0x50 ./Core/Src/stm32f4xx_hal_msp.o
                0x08001ed8                HAL_MspInit
 .text.HAL_ADC_MspInit
                0x08001f28       0xfc ./Core/Src/stm32f4xx_hal_msp.o
                0x08001f28                HAL_ADC_MspInit
 .text.HAL_TIM_Base_MspInit
                0x08002024      0x138 ./Core/Src/stm32f4xx_hal_msp.o
                0x08002024                HAL_TIM_Base_MspInit
 .text.HAL_TIM_MspPostInit
                0x0800215c       0x70 ./Core/Src/stm32f4xx_hal_msp.o
                0x0800215c                HAL_TIM_MspPostInit
 .text.NMI_Handler
                0x080021cc        0x8 ./Core/Src/stm32f4xx_it.o
                0x080021cc                NMI_Handler
 .text.HardFault_Handler
                0x080021d4        0x8 ./Core/Src/stm32f4xx_it.o
                0x080021d4                HardFault_Handler
 .text.MemManage_Handler
                0x080021dc        0x8 ./Core/Src/stm32f4xx_it.o
                0x080021dc                MemManage_Handler
 .text.BusFault_Handler
                0x080021e4        0x8 ./Core/Src/stm32f4xx_it.o
                0x080021e4                BusFault_Handler
 .text.UsageFault_Handler
                0x080021ec        0x8 ./Core/Src/stm32f4xx_it.o
                0x080021ec                UsageFault_Handler
 .text.SVC_Handler
                0x080021f4        0xe ./Core/Src/stm32f4xx_it.o
                0x080021f4                SVC_Handler
 .text.DebugMon_Handler
                0x08002202        0xe ./Core/Src/stm32f4xx_it.o
                0x08002202                DebugMon_Handler
 .text.PendSV_Handler
                0x08002210        0xe ./Core/Src/stm32f4xx_it.o
                0x08002210                PendSV_Handler
 .text.SysTick_Handler
                0x0800221e        0xc ./Core/Src/stm32f4xx_it.o
                0x0800221e                SysTick_Handler
 *fill*         0x0800222a        0x2 
 .text.DMA1_Stream1_IRQHandler
                0x0800222c       0x14 ./Core/Src/stm32f4xx_it.o
                0x0800222c                DMA1_Stream1_IRQHandler
 .text.ADC_IRQHandler
                0x08002240       0x14 ./Core/Src/stm32f4xx_it.o
                0x08002240                ADC_IRQHandler
 .text.TIM2_IRQHandler
                0x08002254       0x14 ./Core/Src/stm32f4xx_it.o
                0x08002254                TIM2_IRQHandler
 .text.TIM4_IRQHandler
                0x08002268       0x14 ./Core/Src/stm32f4xx_it.o
                0x08002268                TIM4_IRQHandler
 .text.TIM5_IRQHandler
                0x0800227c       0x14 ./Core/Src/stm32f4xx_it.o
                0x0800227c                TIM5_IRQHandler
 .text.DMA2_Stream0_IRQHandler
                0x08002290       0x14 ./Core/Src/stm32f4xx_it.o
                0x08002290                DMA2_Stream0_IRQHandler
 .text.OTG_FS_IRQHandler
                0x080022a4       0x14 ./Core/Src/stm32f4xx_it.o
                0x080022a4                OTG_FS_IRQHandler
 .text.SystemInit
                0x080022b8       0x24 ./Core/Src/system_stm32f4xx.o
                0x080022b8                SystemInit
 .text.Reset_Handler
                0x080022dc       0x50 ./Core/Startup/startup_stm32f411ceux.o
                0x080022dc                Reset_Handler
 .text.Default_Handler
                0x0800232c        0x2 ./Core/Startup/startup_stm32f411ceux.o
                0x0800232c                RTC_Alarm_IRQHandler
                0x0800232c                EXTI2_IRQHandler
                0x0800232c                SPI4_IRQHandler
                0x0800232c                TIM1_CC_IRQHandler
                0x0800232c                DMA2_Stream5_IRQHandler
                0x0800232c                DMA1_Stream5_IRQHandler
                0x0800232c                PVD_IRQHandler
                0x0800232c                SDIO_IRQHandler
                0x0800232c                TAMP_STAMP_IRQHandler
                0x0800232c                EXTI3_IRQHandler
                0x0800232c                TIM1_UP_TIM10_IRQHandler
                0x0800232c                I2C3_ER_IRQHandler
                0x0800232c                EXTI0_IRQHandler
                0x0800232c                I2C2_EV_IRQHandler
                0x0800232c                DMA1_Stream2_IRQHandler
                0x0800232c                FPU_IRQHandler
                0x0800232c                DMA2_Stream2_IRQHandler
                0x0800232c                SPI1_IRQHandler
                0x0800232c                TIM1_BRK_TIM9_IRQHandler
                0x0800232c                DMA2_Stream3_IRQHandler
                0x0800232c                USART6_IRQHandler
                0x0800232c                I2C1_EV_IRQHandler
                0x0800232c                DMA1_Stream6_IRQHandler
                0x0800232c                TIM3_IRQHandler
                0x0800232c                RCC_IRQHandler
                0x0800232c                Default_Handler
                0x0800232c                EXTI15_10_IRQHandler
                0x0800232c                DMA1_Stream7_IRQHandler
                0x0800232c                SPI5_IRQHandler
                0x0800232c                DMA2_Stream7_IRQHandler
                0x0800232c                I2C3_EV_IRQHandler
                0x0800232c                EXTI9_5_IRQHandler
                0x0800232c                RTC_WKUP_IRQHandler
                0x0800232c                SPI2_IRQHandler
                0x0800232c                DMA1_Stream0_IRQHandler
                0x0800232c                EXTI4_IRQHandler
                0x0800232c                WWDG_IRQHandler
                0x0800232c                OTG_FS_WKUP_IRQHandler
                0x0800232c                TIM1_TRG_COM_TIM11_IRQHandler
                0x0800232c                EXTI1_IRQHandler
                0x0800232c                USART2_IRQHandler
                0x0800232c                I2C2_ER_IRQHandler
                0x0800232c                DMA2_Stream1_IRQHandler
                0x0800232c                FLASH_IRQHandler
                0x0800232c                DMA2_Stream4_IRQHandler
                0x0800232c                USART1_IRQHandler
                0x0800232c                SPI3_IRQHandler
                0x0800232c                DMA1_Stream4_IRQHandler
                0x0800232c                I2C1_ER_IRQHandler
                0x0800232c                DMA2_Stream6_IRQHandler
                0x0800232c                DMA1_Stream3_IRQHandler
 *fill*         0x0800232e        0x2 
 .text.HAL_Init
                0x08002330       0x44 ./Drivers/STM32F4xx_HAL_Driver/Src/stm32f4xx_hal.o
                0x08002330                HAL_Init
 .text.HAL_InitTick
                0x08002374       0x60 ./Drivers/STM32F4xx_HAL_Driver/Src/stm32f4xx_hal.o
                0x08002374                HAL_InitTick
 .text.HAL_IncTick
                0x080023d4       0x28 ./Drivers/STM32F4xx_HAL_Driver/Src/stm32f4xx_hal.o
                0x080023d4                HAL_IncTick
 .text.HAL_GetTick
                0x080023fc       0x18 ./Drivers/STM32F4xx_HAL_Driver/Src/stm32f4xx_hal.o
                0x080023fc                HAL_GetTick
 .text.HAL_Delay
                0x08002414       0x48 ./Drivers/STM32F4xx_HAL_Driver/Src/stm32f4xx_hal.o
                0x08002414                HAL_Delay
 .text.HAL_ADC_Init
                0x0800245c       0x86 ./Drivers/STM32F4xx_HAL_Driver/Src/stm32f4xx_hal_adc.o
                0x0800245c                HAL_ADC_Init
 .text.HAL_ADC_IRQHandler
                0x080024e2      0x220 ./Drivers/STM32F4xx_HAL_Driver/Src/stm32f4xx_hal_adc.o
                0x080024e2                HAL_ADC_IRQHandler
 *fill*         0x08002702        0x2 
 .text.HAL_ADC_Start_DMA
                0x08002704      0x1e0 ./Drivers/STM32F4xx_HAL_Driver/Src/stm32f4xx_hal_adc.o
                0x08002704                HAL_ADC_Start_DMA
 .text.HAL_ADC_ConvHalfCpltCallback
                0x080028e4       0x14 ./Drivers/STM32F4xx_HAL_Driver/Src/stm32f4xx_hal_adc.o
                0x080028e4                HAL_ADC_ConvHalfCpltCallback
 .text.HAL_ADC_LevelOutOfWindowCallback
                0x080028f8       0x14 ./Drivers/STM32F4xx_HAL_Driver/Src/stm32f4xx_hal_adc.o
                0x080028f8                HAL_ADC_LevelOutOfWindowCallback
 .text.HAL_ADC_ErrorCallback
                0x0800290c       0x14 ./Drivers/STM32F4xx_HAL_Driver/Src/stm32f4xx_hal_adc.o
                0x0800290c                HAL_ADC_ErrorCallback
 .text.HAL_ADC_ConfigChannel
                0x08002920      0x264 ./Drivers/STM32F4xx_HAL_Driver/Src/stm32f4xx_hal_adc.o
                0x08002920                HAL_ADC_ConfigChannel
 .text.ADC_Init
                0x08002b84      0x1f8 ./Drivers/STM32F4xx_HAL_Driver/Src/stm32f4xx_hal_adc.o
 .text.ADC_DMAConvCplt
                0x08002d7c       0xba ./Drivers/STM32F4xx_HAL_Driver/Src/stm32f4xx_hal_adc.o
 .text.ADC_DMAHalfConvCplt
                0x08002e36       0x1c ./Drivers/STM32F4xx_HAL_Driver/Src/stm32f4xx_hal_adc.o
 .text.ADC_DMAError
                0x08002e52       0x2e ./Drivers/STM32F4xx_HAL_Driver/Src/stm32f4xx_hal_adc.o
 .text.HAL_ADCEx_InjectedConvCpltCallback
                0x08002e80       0x14 ./Drivers/STM32F4xx_HAL_Driver/Src/stm32f4xx_hal_adc_ex.o
                0x08002e80                HAL_ADCEx_InjectedConvCpltCallback
 .text.__NVIC_SetPriorityGrouping
                0x08002e94       0x48 ./Drivers/STM32F4xx_HAL_Driver/Src/stm32f4xx_hal_cortex.o
 .text.__NVIC_GetPriorityGrouping
                0x08002edc       0x1c ./Drivers/STM32F4xx_HAL_Driver/Src/stm32f4xx_hal_cortex.o
 .text.__NVIC_EnableIRQ
                0x08002ef8       0x3c ./Drivers/STM32F4xx_HAL_Driver/Src/stm32f4xx_hal_cortex.o
 .text.__NVIC_SetPriority
                0x08002f34       0x54 ./Drivers/STM32F4xx_HAL_Driver/Src/stm32f4xx_hal_cortex.o
 .text.NVIC_EncodePriority
                0x08002f88       0x66 ./Drivers/STM32F4xx_HAL_Driver/Src/stm32f4xx_hal_cortex.o
 *fill*         0x08002fee        0x2 
 .text.SysTick_Config
                0x08002ff0       0x44 ./Drivers/STM32F4xx_HAL_Driver/Src/stm32f4xx_hal_cortex.o
 .text.HAL_NVIC_SetPriorityGrouping
                0x08003034       0x16 ./Drivers/STM32F4xx_HAL_Driver/Src/stm32f4xx_hal_cortex.o
                0x08003034                HAL_NVIC_SetPriorityGrouping
 .text.HAL_NVIC_SetPriority
                0x0800304a       0x38 ./Drivers/STM32F4xx_HAL_Driver/Src/stm32f4xx_hal_cortex.o
                0x0800304a                HAL_NVIC_SetPriority
 .text.HAL_NVIC_EnableIRQ
                0x08003082       0x1c ./Drivers/STM32F4xx_HAL_Driver/Src/stm32f4xx_hal_cortex.o
                0x08003082                HAL_NVIC_EnableIRQ
 .text.HAL_SYSTICK_Config
                0x0800309e       0x18 ./Drivers/STM32F4xx_HAL_Driver/Src/stm32f4xx_hal_cortex.o
                0x0800309e                HAL_SYSTICK_Config
 *fill*         0x080030b6        0x2 
 .text.HAL_DMA_Init
                0x080030b8      0x15c ./Drivers/STM32F4xx_HAL_Driver/Src/stm32f4xx_hal_dma.o
                0x080030b8                HAL_DMA_Init
 .text.HAL_DMA_Start_IT
                0x08003214       0xb0 ./Drivers/STM32F4xx_HAL_Driver/Src/stm32f4xx_hal_dma.o
                0x08003214                HAL_DMA_Start_IT
 .text.HAL_DMA_Abort_IT
                0x080032c4       0x44 ./Drivers/STM32F4xx_HAL_Driver/Src/stm32f4xx_hal_dma.o
                0x080032c4                HAL_DMA_Abort_IT
 .text.HAL_DMA_IRQHandler
                0x08003308      0x314 ./Drivers/STM32F4xx_HAL_Driver/Src/stm32f4xx_hal_dma.o
                0x08003308                HAL_DMA_IRQHandler
 .text.DMA_SetConfig
                0x0800361c       0x5c ./Drivers/STM32F4xx_HAL_Driver/Src/stm32f4xx_hal_dma.o
 .text.DMA_CalcBaseAndBitshift
                0x08003678       0x6c ./Drivers/STM32F4xx_HAL_Driver/Src/stm32f4xx_hal_dma.o
 .text.DMA_CheckFifoParam
                0x080036e4       0xf8 ./Drivers/STM32F4xx_HAL_Driver/Src/stm32f4xx_hal_dma.o
 .text.HAL_GPIO_Init
                0x080037dc      0x308 ./Drivers/STM32F4xx_HAL_Driver/Src/stm32f4xx_hal_gpio.o
                0x080037dc                HAL_GPIO_Init
 .text.HAL_GPIO_WritePin
                0x08003ae4       0x32 ./Drivers/STM32F4xx_HAL_Driver/Src/stm32f4xx_hal_gpio.o
                0x08003ae4                HAL_GPIO_WritePin
 .text.HAL_PCD_Init
                0x08003b16      0x21e ./Drivers/STM32F4xx_HAL_Driver/Src/stm32f4xx_hal_pcd.o
                0x08003b16                HAL_PCD_Init
 .text.HAL_PCD_Start
                0x08003d34       0x6a ./Drivers/STM32F4xx_HAL_Driver/Src/stm32f4xx_hal_pcd.o
                0x08003d34                HAL_PCD_Start
 .text.HAL_PCD_IRQHandler
                0x08003d9e      0x942 ./Drivers/STM32F4xx_HAL_Driver/Src/stm32f4xx_hal_pcd.o
                0x08003d9e                HAL_PCD_IRQHandler
 .text.HAL_PCD_SetAddress
                0x080046e0       0x48 ./Drivers/STM32F4xx_HAL_Driver/Src/stm32f4xx_hal_pcd.o
                0x080046e0                HAL_PCD_SetAddress
 .text.HAL_PCD_EP_Open
                0x08004728       0xd4 ./Drivers/STM32F4xx_HAL_Driver/Src/stm32f4xx_hal_pcd.o
                0x08004728                HAL_PCD_EP_Open
 .text.HAL_PCD_EP_Close
                0x080047fc       0x94 ./Drivers/STM32F4xx_HAL_Driver/Src/stm32f4xx_hal_pcd.o
                0x080047fc                HAL_PCD_EP_Close
 .text.HAL_PCD_EP_Receive
                0x08004890       0x76 ./Drivers/STM32F4xx_HAL_Driver/Src/stm32f4xx_hal_pcd.o
                0x08004890                HAL_PCD_EP_Receive
 .text.HAL_PCD_EP_Transmit
                0x08004906       0x74 ./Drivers/STM32F4xx_HAL_Driver/Src/stm32f4xx_hal_pcd.o
                0x08004906                HAL_PCD_EP_Transmit
 .text.HAL_PCD_EP_SetStall
                0x0800497a       0xc6 ./Drivers/STM32F4xx_HAL_Driver/Src/stm32f4xx_hal_pcd.o
                0x0800497a                HAL_PCD_EP_SetStall
 .text.HAL_PCD_EP_ClrStall
                0x08004a40       0xac ./Drivers/STM32F4xx_HAL_Driver/Src/stm32f4xx_hal_pcd.o
                0x08004a40                HAL_PCD_EP_ClrStall
 .text.HAL_PCD_EP_Abort
                0x08004aec       0x62 ./Drivers/STM32F4xx_HAL_Driver/Src/stm32f4xx_hal_pcd.o
                0x08004aec                HAL_PCD_EP_Abort
 .text.PCD_WriteEmptyTxFifo
                0x08004b4e      0x118 ./Drivers/STM32F4xx_HAL_Driver/Src/stm32f4xx_hal_pcd.o
 *fill*         0x08004c66        0x2 
 .text.PCD_EP_OutXfrComplete_int
                0x08004c68      0x1d0 ./Drivers/STM32F4xx_HAL_Driver/Src/stm32f4xx_hal_pcd.o
 .text.PCD_EP_OutSetupPacket_int
                0x08004e38       0x8c ./Drivers/STM32F4xx_HAL_Driver/Src/stm32f4xx_hal_pcd.o
 .text.HAL_PCDEx_SetTxFiFo
                0x08004ec4       0x8e ./Drivers/STM32F4xx_HAL_Driver/Src/stm32f4xx_hal_pcd_ex.o
                0x08004ec4                HAL_PCDEx_SetTxFiFo
 .text.HAL_PCDEx_SetRxFiFo
                0x08004f52       0x22 ./Drivers/STM32F4xx_HAL_Driver/Src/stm32f4xx_hal_pcd_ex.o
                0x08004f52                HAL_PCDEx_SetRxFiFo
 .text.HAL_PCDEx_LPM_Callback
                0x08004f74       0x18 ./Drivers/STM32F4xx_HAL_Driver/Src/stm32f4xx_hal_pcd_ex.o
                0x08004f74                HAL_PCDEx_LPM_Callback
 .text.HAL_RCC_OscConfig
                0x08004f8c      0x4f0 ./Drivers/STM32F4xx_HAL_Driver/Src/stm32f4xx_hal_rcc.o
                0x08004f8c                HAL_RCC_OscConfig
 .text.HAL_RCC_ClockConfig
                0x0800547c      0x1cc ./Drivers/STM32F4xx_HAL_Driver/Src/stm32f4xx_hal_rcc.o
                0x0800547c                HAL_RCC_ClockConfig
 .text.HAL_RCC_GetSysClockFreq
                0x08005648      0x18c ./Drivers/STM32F4xx_HAL_Driver/Src/stm32f4xx_hal_rcc.o
                0x08005648                HAL_RCC_GetSysClockFreq
 .text.HAL_RCC_GetHCLKFreq
                0x080057d4       0x18 ./Drivers/STM32F4xx_HAL_Driver/Src/stm32f4xx_hal_rcc.o
                0x080057d4                HAL_RCC_GetHCLKFreq
 .text.HAL_TIM_Base_Init
                0x080057ec       0x9e ./Drivers/STM32F4xx_HAL_Driver/Src/stm32f4xx_hal_tim.o
                0x080057ec                HAL_TIM_Base_Init
 *fill*         0x0800588a        0x2 
 .text.HAL_TIM_Base_Start_IT
                0x0800588c       0xc4 ./Drivers/STM32F4xx_HAL_Driver/Src/stm32f4xx_hal_tim.o
                0x0800588c                HAL_TIM_Base_Start_IT
 .text.HAL_TIM_PWM_Init
                0x08005950       0x9e ./Drivers/STM32F4xx_HAL_Driver/Src/stm32f4xx_hal_tim.o
                0x08005950                HAL_TIM_PWM_Init
 .text.HAL_TIM_PWM_MspInit
                0x080059ee       0x14 ./Drivers/STM32F4xx_HAL_Driver/Src/stm32f4xx_hal_tim.o
                0x080059ee                HAL_TIM_PWM_MspInit
 *fill*         0x08005a02        0x2 
 .text.HAL_TIM_PWM_Start_DMA
                0x08005a04      0x360 ./Drivers/STM32F4xx_HAL_Driver/Src/stm32f4xx_hal_tim.o
                0x08005a04                HAL_TIM_PWM_Start_DMA
 .text.HAL_TIM_PWM_Stop_DMA
                0x08005d64      0x18c ./Drivers/STM32F4xx_HAL_Driver/Src/stm32f4xx_hal_tim.o
                0x08005d64                HAL_TIM_PWM_Stop_DMA
 .text.HAL_TIM_IRQHandler
                0x08005ef0      0x1e0 ./Drivers/STM32F4xx_HAL_Driver/Src/stm32f4xx_hal_tim.o
                0x08005ef0                HAL_TIM_IRQHandler
 .text.HAL_TIM_PWM_ConfigChannel
                0x080060d0      0x184 ./Drivers/STM32F4xx_HAL_Driver/Src/stm32f4xx_hal_tim.o
                0x080060d0                HAL_TIM_PWM_ConfigChannel
 .text.HAL_TIM_ConfigClockSource
                0x08006254      0x18e ./Drivers/STM32F4xx_HAL_Driver/Src/stm32f4xx_hal_tim.o
                0x08006254                HAL_TIM_ConfigClockSource
 .text.HAL_TIM_OC_DelayElapsedCallback
                0x080063e2       0x14 ./Drivers/STM32F4xx_HAL_Driver/Src/stm32f4xx_hal_tim.o
                0x080063e2                HAL_TIM_OC_DelayElapsedCallback
 .text.HAL_TIM_IC_CaptureCallback
                0x080063f6       0x14 ./Drivers/STM32F4xx_HAL_Driver/Src/stm32f4xx_hal_tim.o
                0x080063f6                HAL_TIM_IC_CaptureCallback
 .text.HAL_TIM_PWM_PulseFinishedHalfCpltCallback
                0x0800640a       0x14 ./Drivers/STM32F4xx_HAL_Driver/Src/stm32f4xx_hal_tim.o
                0x0800640a                HAL_TIM_PWM_PulseFinishedHalfCpltCallback
 .text.HAL_TIM_TriggerCallback
                0x0800641e       0x14 ./Drivers/STM32F4xx_HAL_Driver/Src/stm32f4xx_hal_tim.o
                0x0800641e                HAL_TIM_TriggerCallback
 .text.HAL_TIM_ErrorCallback
                0x08006432       0x14 ./Drivers/STM32F4xx_HAL_Driver/Src/stm32f4xx_hal_tim.o
                0x08006432                HAL_TIM_ErrorCallback
 .text.TIM_DMAError
                0x08006446       0x92 ./Drivers/STM32F4xx_HAL_Driver/Src/stm32f4xx_hal_tim.o
                0x08006446                TIM_DMAError
 .text.TIM_DMADelayPulseCplt
                0x080064d8       0xa8 ./Drivers/STM32F4xx_HAL_Driver/Src/stm32f4xx_hal_tim.o
 .text.TIM_DMADelayPulseHalfCplt
                0x08006580       0x68 ./Drivers/STM32F4xx_HAL_Driver/Src/stm32f4xx_hal_tim.o
                0x08006580                TIM_DMADelayPulseHalfCplt
 .text.TIM_Base_SetConfig
                0x080065e8      0x118 ./Drivers/STM32F4xx_HAL_Driver/Src/stm32f4xx_hal_tim.o
                0x080065e8                TIM_Base_SetConfig
 .text.TIM_OC1_SetConfig
                0x08006700       0xcc ./Drivers/STM32F4xx_HAL_Driver/Src/stm32f4xx_hal_tim.o
 .text.TIM_OC2_SetConfig
                0x080067cc       0xd8 ./Drivers/STM32F4xx_HAL_Driver/Src/stm32f4xx_hal_tim.o
                0x080067cc                TIM_OC2_SetConfig
 .text.TIM_OC3_SetConfig
                0x080068a4       0xd4 ./Drivers/STM32F4xx_HAL_Driver/Src/stm32f4xx_hal_tim.o
 .text.TIM_OC4_SetConfig
                0x08006978       0xa0 ./Drivers/STM32F4xx_HAL_Driver/Src/stm32f4xx_hal_tim.o
 .text.TIM_TI1_ConfigInputStage
                0x08006a18       0x5e ./Drivers/STM32F4xx_HAL_Driver/Src/stm32f4xx_hal_tim.o
 .text.TIM_TI2_ConfigInputStage
                0x08006a76       0x60 ./Drivers/STM32F4xx_HAL_Driver/Src/stm32f4xx_hal_tim.o
 .text.TIM_ITRx_SetConfig
                0x08006ad6       0x36 ./Drivers/STM32F4xx_HAL_Driver/Src/stm32f4xx_hal_tim.o
 .text.TIM_ETR_SetConfig
                0x08006b0c       0x40 ./Drivers/STM32F4xx_HAL_Driver/Src/stm32f4xx_hal_tim.o
                0x08006b0c                TIM_ETR_SetConfig
 .text.TIM_CCxChannelCmd
                0x08006b4c       0x4a ./Drivers/STM32F4xx_HAL_Driver/Src/stm32f4xx_hal_tim.o
                0x08006b4c                TIM_CCxChannelCmd
 *fill*         0x08006b96        0x2 
 .text.HAL_TIMEx_MasterConfigSynchronization
                0x08006b98       0xdc ./Drivers/STM32F4xx_HAL_Driver/Src/stm32f4xx_hal_tim_ex.o
                0x08006b98                HAL_TIMEx_MasterConfigSynchronization
 .text.HAL_TIMEx_CommutCallback
                0x08006c74       0x14 ./Drivers/STM32F4xx_HAL_Driver/Src/stm32f4xx_hal_tim_ex.o
                0x08006c74                HAL_TIMEx_CommutCallback
 .text.HAL_TIMEx_BreakCallback
                0x08006c88       0x14 ./Drivers/STM32F4xx_HAL_Driver/Src/stm32f4xx_hal_tim_ex.o
                0x08006c88                HAL_TIMEx_BreakCallback
 .text.USB_CoreInit
                0x08006c9c       0xc8 ./Drivers/STM32F4xx_HAL_Driver/Src/stm32f4xx_ll_usb.o
                0x08006c9c                USB_CoreInit
 .text.USB_SetTurnaroundTime
                0x08006d64      0x144 ./Drivers/STM32F4xx_HAL_Driver/Src/stm32f4xx_ll_usb.o
                0x08006d64                USB_SetTurnaroundTime
 .text.USB_EnableGlobalInt
                0x08006ea8       0x22 ./Drivers/STM32F4xx_HAL_Driver/Src/stm32f4xx_ll_usb.o
                0x08006ea8                USB_EnableGlobalInt
 .text.USB_DisableGlobalInt
                0x08006eca       0x22 ./Drivers/STM32F4xx_HAL_Driver/Src/stm32f4xx_ll_usb.o
                0x08006eca                USB_DisableGlobalInt
 .text.USB_SetCurrentMode
                0x08006eec       0x98 ./Drivers/STM32F4xx_HAL_Driver/Src/stm32f4xx_ll_usb.o
                0x08006eec                USB_SetCurrentMode
 .text.USB_DevInit
                0x08006f84      0x2c8 ./Drivers/STM32F4xx_HAL_Driver/Src/stm32f4xx_ll_usb.o
                0x08006f84                USB_DevInit
 .text.USB_FlushTxFifo
                0x0800724c       0x64 ./Drivers/STM32F4xx_HAL_Driver/Src/stm32f4xx_ll_usb.o
                0x0800724c                USB_FlushTxFifo
 .text.USB_FlushRxFifo
                0x080072b0       0x5c ./Drivers/STM32F4xx_HAL_Driver/Src/stm32f4xx_ll_usb.o
                0x080072b0                USB_FlushRxFifo
 .text.USB_SetDevSpeed
                0x0800730c       0x32 ./Drivers/STM32F4xx_HAL_Driver/Src/stm32f4xx_ll_usb.o
                0x0800730c                USB_SetDevSpeed
 .text.USB_GetDevSpeed
                0x0800733e       0x4a ./Drivers/STM32F4xx_HAL_Driver/Src/stm32f4xx_ll_usb.o
                0x0800733e                USB_GetDevSpeed
 .text.USB_ActivateEndpoint
                0x08007388      0x10e ./Drivers/STM32F4xx_HAL_Driver/Src/stm32f4xx_ll_usb.o
                0x08007388                USB_ActivateEndpoint
 *fill*         0x08007496        0x2 
 .text.USB_DeactivateEndpoint
                0x08007498      0x1b8 ./Drivers/STM32F4xx_HAL_Driver/Src/stm32f4xx_ll_usb.o
                0x08007498                USB_DeactivateEndpoint
 .text.USB_EPStartXfer
                0x08007650      0x53c ./Drivers/STM32F4xx_HAL_Driver/Src/stm32f4xx_ll_usb.o
                0x08007650                USB_EPStartXfer
 .text.USB_EPStopXfer
                0x08007b8c      0x154 ./Drivers/STM32F4xx_HAL_Driver/Src/stm32f4xx_ll_usb.o
                0x08007b8c                USB_EPStopXfer
 .text.USB_WritePacket
                0x08007ce0       0x7c ./Drivers/STM32F4xx_HAL_Driver/Src/stm32f4xx_ll_usb.o
                0x08007ce0                USB_WritePacket
 .text.USB_ReadPacket
                0x08007d5c       0xb0 ./Drivers/STM32F4xx_HAL_Driver/Src/stm32f4xx_ll_usb.o
                0x08007d5c                USB_ReadPacket
 .text.USB_EPSetStall
                0x08007e0c       0xdc ./Drivers/STM32F4xx_HAL_Driver/Src/stm32f4xx_ll_usb.o
                0x08007e0c                USB_EPSetStall
 .text.USB_EPClearStall
                0x08007ee8       0xcc ./Drivers/STM32F4xx_HAL_Driver/Src/stm32f4xx_ll_usb.o
                0x08007ee8                USB_EPClearStall
 .text.USB_SetDevAddress
                0x08007fb4       0x4c ./Drivers/STM32F4xx_HAL_Driver/Src/stm32f4xx_ll_usb.o
                0x08007fb4                USB_SetDevAddress
 .text.USB_DevConnect
                0x08008000       0x42 ./Drivers/STM32F4xx_HAL_Driver/Src/stm32f4xx_ll_usb.o
                0x08008000                USB_DevConnect
 .text.USB_DevDisconnect
                0x08008042       0x42 ./Drivers/STM32F4xx_HAL_Driver/Src/stm32f4xx_ll_usb.o
                0x08008042                USB_DevDisconnect
 .text.USB_ReadInterrupts
                0x08008084       0x26 ./Drivers/STM32F4xx_HAL_Driver/Src/stm32f4xx_ll_usb.o
                0x08008084                USB_ReadInterrupts
 .text.USB_ReadDevAllOutEpInterrupt
                0x080080aa       0x34 ./Drivers/STM32F4xx_HAL_Driver/Src/stm32f4xx_ll_usb.o
                0x080080aa                USB_ReadDevAllOutEpInterrupt
 .text.USB_ReadDevAllInEpInterrupt
                0x080080de       0x34 ./Drivers/STM32F4xx_HAL_Driver/Src/stm32f4xx_ll_usb.o
                0x080080de                USB_ReadDevAllInEpInterrupt
 .text.USB_ReadDevOutEPInterrupt
                0x08008112       0x3c ./Drivers/STM32F4xx_HAL_Driver/Src/stm32f4xx_ll_usb.o
                0x08008112                USB_ReadDevOutEPInterrupt
 .text.USB_ReadDevInEPInterrupt
                0x0800814e       0x5c ./Drivers/STM32F4xx_HAL_Driver/Src/stm32f4xx_ll_usb.o
                0x0800814e                USB_ReadDevInEPInterrupt
 .text.USB_GetMode
                0x080081aa       0x1c ./Drivers/STM32F4xx_HAL_Driver/Src/stm32f4xx_ll_usb.o
                0x080081aa                USB_GetMode
 .text.USB_ActivateSetup
                0x080081c6       0x46 ./Drivers/STM32F4xx_HAL_Driver/Src/stm32f4xx_ll_usb.o
                0x080081c6                USB_ActivateSetup
 .text.USB_EP0_OutStart
                0x0800820c       0xbc ./Drivers/STM32F4xx_HAL_Driver/Src/stm32f4xx_ll_usb.o
                0x0800820c                USB_EP0_OutStart
 .text.USB_CoreReset
                0x080082c8       0x62 ./Drivers/STM32F4xx_HAL_Driver/Src/stm32f4xx_ll_usb.o
 *fill*         0x0800832a        0x2 
 .text.USBD_HID_Init
                0x0800832c       0xcc ./Middlewares/ST/STM32_USB_Device_Library/Class/HID/Src/usbd_hid.o
 .text.USBD_HID_DeInit
                0x080083f8       0x90 ./Middlewares/ST/STM32_USB_Device_Library/Class/HID/Src/usbd_hid.o
 .text.USBD_HID_Setup
                0x08008488      0x210 ./Middlewares/ST/STM32_USB_Device_Library/Class/HID/Src/usbd_hid.o
 .text.USBD_HID_SendReport
                0x08008698       0x60 ./Middlewares/ST/STM32_USB_Device_Library/Class/HID/Src/usbd_hid.o
                0x08008698                USBD_HID_SendReport
 .text.USBD_HID_GetFSCfgDesc
                0x080086f8       0x34 ./Middlewares/ST/STM32_USB_Device_Library/Class/HID/Src/usbd_hid.o
 .text.USBD_HID_GetHSCfgDesc
                0x0800872c       0x34 ./Middlewares/ST/STM32_USB_Device_Library/Class/HID/Src/usbd_hid.o
 .text.USBD_HID_GetOtherSpeedCfgDesc
                0x08008760       0x34 ./Middlewares/ST/STM32_USB_Device_Library/Class/HID/Src/usbd_hid.o
 .text.USBD_HID_DataIn
                0x08008794       0x2c ./Middlewares/ST/STM32_USB_Device_Library/Class/HID/Src/usbd_hid.o
 .text.USBD_HID_GetDeviceQualifierDesc
                0x080087c0       0x20 ./Middlewares/ST/STM32_USB_Device_Library/Class/HID/Src/usbd_hid.o
 .text.USBD_Init
                0x080087e0       0x60 ./Middlewares/ST/STM32_USB_Device_Library/Core/Src/usbd_core.o
                0x080087e0                USBD_Init
 .text.USBD_RegisterClass
                0x08008840       0x6c ./Middlewares/ST/STM32_USB_Device_Library/Core/Src/usbd_core.o
                0x08008840                USBD_RegisterClass
 .text.USBD_Start
                0x080088ac       0x18 ./Middlewares/ST/STM32_USB_Device_Library/Core/Src/usbd_core.o
                0x080088ac                USBD_Start
 .text.USBD_RunTestMode
                0x080088c4       0x16 ./Middlewares/ST/STM32_USB_Device_Library/Core/Src/usbd_core.o
                0x080088c4                USBD_RunTestMode
 .text.USBD_SetClassConfig
                0x080088da       0x38 ./Middlewares/ST/STM32_USB_Device_Library/Core/Src/usbd_core.o
                0x080088da                USBD_SetClassConfig
 .text.USBD_ClrClassConfig
                0x08008912       0x34 ./Middlewares/ST/STM32_USB_Device_Library/Core/Src/usbd_core.o
                0x08008912                USBD_ClrClassConfig
 .text.USBD_LL_SetupStage
                0x08008946       0xaa ./Middlewares/ST/STM32_USB_Device_Library/Core/Src/usbd_core.o
                0x08008946                USBD_LL_SetupStage
 .text.USBD_LL_DataOutStage
                0x080089f0      0x166 ./Middlewares/ST/STM32_USB_Device_Library/Core/Src/usbd_core.o
                0x080089f0                USBD_LL_DataOutStage
 .text.USBD_LL_DataInStage
                0x08008b56      0x164 ./Middlewares/ST/STM32_USB_Device_Library/Core/Src/usbd_core.o
                0x08008b56                USBD_LL_DataInStage
 .text.USBD_LL_Reset
                0x08008cba       0xa4 ./Middlewares/ST/STM32_USB_Device_Library/Core/Src/usbd_core.o
                0x08008cba                USBD_LL_Reset
 .text.USBD_LL_SetSpeed
                0x08008d5e       0x20 ./Middlewares/ST/STM32_USB_Device_Library/Core/Src/usbd_core.o
                0x08008d5e                USBD_LL_SetSpeed
 .text.USBD_LL_Suspend
                0x08008d7e       0x38 ./Middlewares/ST/STM32_USB_Device_Library/Core/Src/usbd_core.o
                0x08008d7e                USBD_LL_Suspend
 .text.USBD_LL_Resume
                0x08008db6       0x30 ./Middlewares/ST/STM32_USB_Device_Library/Core/Src/usbd_core.o
                0x08008db6                USBD_LL_Resume
 .text.USBD_LL_SOF
                0x08008de6       0x40 ./Middlewares/ST/STM32_USB_Device_Library/Core/Src/usbd_core.o
                0x08008de6                USBD_LL_SOF
 .text.USBD_LL_IsoINIncomplete
                0x08008e26       0x64 ./Middlewares/ST/STM32_USB_Device_Library/Core/Src/usbd_core.o
                0x08008e26                USBD_LL_IsoINIncomplete
 .text.USBD_LL_IsoOUTIncomplete
                0x08008e8a       0x64 ./Middlewares/ST/STM32_USB_Device_Library/Core/Src/usbd_core.o
                0x08008e8a                USBD_LL_IsoOUTIncomplete
 .text.USBD_LL_DevConnected
                0x08008eee       0x16 ./Middlewares/ST/STM32_USB_Device_Library/Core/Src/usbd_core.o
                0x08008eee                USBD_LL_DevConnected
 .text.USBD_LL_DevDisconnected
                0x08008f04       0x46 ./Middlewares/ST/STM32_USB_Device_Library/Core/Src/usbd_core.o
                0x08008f04                USBD_LL_DevDisconnected
 .text.USBD_CoreFindIF
                0x08008f4a       0x1a ./Middlewares/ST/STM32_USB_Device_Library/Core/Src/usbd_core.o
                0x08008f4a                USBD_CoreFindIF
 .text.USBD_CoreFindEP
                0x08008f64       0x1a ./Middlewares/ST/STM32_USB_Device_Library/Core/Src/usbd_core.o
                0x08008f64                USBD_CoreFindEP
 .text.USBD_GetEpDesc
                0x08008f7e       0x70 ./Middlewares/ST/STM32_USB_Device_Library/Core/Src/usbd_core.o
                0x08008f7e                USBD_GetEpDesc
 .text.USBD_GetNextDesc
                0x08008fee       0x38 ./Middlewares/ST/STM32_USB_Device_Library/Core/Src/usbd_core.o
                0x08008fee                USBD_GetNextDesc
 .text.SWAPBYTE
                0x08009026       0x3c ./Middlewares/ST/STM32_USB_Device_Library/Core/Src/usbd_ctlreq.o
 *fill*         0x08009062        0x2 
 .text.USBD_StdDevReq
                0x08009064       0xe4 ./Middlewares/ST/STM32_USB_Device_Library/Core/Src/usbd_ctlreq.o
                0x08009064                USBD_StdDevReq
 .text.USBD_StdItfReq
                0x08009148       0xd8 ./Middlewares/ST/STM32_USB_Device_Library/Core/Src/usbd_ctlreq.o
                0x08009148                USBD_StdItfReq
 .text.USBD_StdEPReq
                0x08009220      0x33a ./Middlewares/ST/STM32_USB_Device_Library/Core/Src/usbd_ctlreq.o
                0x08009220                USBD_StdEPReq
 *fill*         0x0800955a        0x2 
 .text.USBD_GetDescriptor
                0x0800955c      0x2d4 ./Middlewares/ST/STM32_USB_Device_Library/Core/Src/usbd_ctlreq.o
 .text.USBD_SetAddress
                0x08009830       0x88 ./Middlewares/ST/STM32_USB_Device_Library/Core/Src/usbd_ctlreq.o
 .text.USBD_SetConfig
                0x080098b8      0x154 ./Middlewares/ST/STM32_USB_Device_Library/Core/Src/usbd_ctlreq.o
 .text.USBD_GetConfig
                0x08009a0c       0x6c ./Middlewares/ST/STM32_USB_Device_Library/Core/Src/usbd_ctlreq.o
 .text.USBD_GetStatus
                0x08009a78       0x68 ./Middlewares/ST/STM32_USB_Device_Library/Core/Src/usbd_ctlreq.o
 .text.USBD_SetFeature
                0x08009ae0       0x52 ./Middlewares/ST/STM32_USB_Device_Library/Core/Src/usbd_ctlreq.o
 .text.USBD_ClrFeature
                0x08009b32       0x44 ./Middlewares/ST/STM32_USB_Device_Library/Core/Src/usbd_ctlreq.o
 .text.USBD_ParseSetupRequest
                0x08009b76       0x74 ./Middlewares/ST/STM32_USB_Device_Library/Core/Src/usbd_ctlreq.o
                0x08009b76                USBD_ParseSetupRequest
 .text.USBD_CtlError
                0x08009bea       0x22 ./Middlewares/ST/STM32_USB_Device_Library/Core/Src/usbd_ctlreq.o
                0x08009bea                USBD_CtlError
 .text.USBD_GetString
                0x08009c0c       0xa4 ./Middlewares/ST/STM32_USB_Device_Library/Core/Src/usbd_ctlreq.o
                0x08009c0c                USBD_GetString
 .text.USBD_GetLen
                0x08009cb0       0x34 ./Middlewares/ST/STM32_USB_Device_Library/Core/Src/usbd_ctlreq.o
 .text.USBD_CtlSendData
                0x08009ce4       0x36 ./Middlewares/ST/STM32_USB_Device_Library/Core/Src/usbd_ioreq.o
                0x08009ce4                USBD_CtlSendData
 .text.USBD_CtlContinueSendData
                0x08009d1a       0x22 ./Middlewares/ST/STM32_USB_Device_Library/Core/Src/usbd_ioreq.o
                0x08009d1a                USBD_CtlContinueSendData
 .text.USBD_CtlContinueRx
                0x08009d3c       0x22 ./Middlewares/ST/STM32_USB_Device_Library/Core/Src/usbd_ioreq.o
                0x08009d3c                USBD_CtlContinueRx
 .text.USBD_CtlSendStatus
                0x08009d5e       0x26 ./Middlewares/ST/STM32_USB_Device_Library/Core/Src/usbd_ioreq.o
                0x08009d5e                USBD_CtlSendStatus
 .text.USBD_CtlReceiveStatus
                0x08009d84       0x26 ./Middlewares/ST/STM32_USB_Device_Library/Core/Src/usbd_ioreq.o
                0x08009d84                USBD_CtlReceiveStatus
 *fill*         0x08009daa        0x2 
 .text.MX_USB_DEVICE_Init
                0x08009dac       0x4c ./USB_DEVICE/App/usb_device.o
                0x08009dac                MX_USB_DEVICE_Init
 .text.USBD_FS_DeviceDescriptor
                0x08009df8       0x24 ./USB_DEVICE/App/usbd_desc.o
                0x08009df8                USBD_FS_DeviceDescriptor
 .text.USBD_FS_LangIDStrDescriptor
                0x08009e1c       0x24 ./USB_DEVICE/App/usbd_desc.o
                0x08009e1c                USBD_FS_LangIDStrDescriptor
 .text.USBD_FS_ProductStrDescriptor
                0x08009e40       0x3c ./USB_DEVICE/App/usbd_desc.o
                0x08009e40                USBD_FS_ProductStrDescriptor
 .text.USBD_FS_ManufacturerStrDescriptor
                0x08009e7c       0x28 ./USB_DEVICE/App/usbd_desc.o
                0x08009e7c                USBD_FS_ManufacturerStrDescriptor
 .text.USBD_FS_SerialStrDescriptor
                0x08009ea4       0x24 ./USB_DEVICE/App/usbd_desc.o
                0x08009ea4                USBD_FS_SerialStrDescriptor
 .text.USBD_FS_ConfigStrDescriptor
                0x08009ec8       0x3c ./USB_DEVICE/App/usbd_desc.o
                0x08009ec8                USBD_FS_ConfigStrDescriptor
 .text.USBD_FS_InterfaceStrDescriptor
                0x08009f04       0x3c ./USB_DEVICE/App/usbd_desc.o
                0x08009f04                USBD_FS_InterfaceStrDescriptor
 .text.Get_SerialNum
                0x08009f40       0x58 ./USB_DEVICE/App/usbd_desc.o
 .text.IntToUnicode
                0x08009f98       0x7e ./USB_DEVICE/App/usbd_desc.o
 *fill*         0x0800a016        0x2 
 .text.HAL_PCD_MspInit
                0x0800a018       0xa8 ./USB_DEVICE/Target/usbd_conf.o
                0x0800a018                HAL_PCD_MspInit
 .text.HAL_PCD_SetupStageCallback
                0x0800a0c0       0x24 ./USB_DEVICE/Target/usbd_conf.o
                0x0800a0c0                HAL_PCD_SetupStageCallback
 .text.HAL_PCD_DataOutStageCallback
                0x0800a0e4       0x36 ./USB_DEVICE/Target/usbd_conf.o
                0x0800a0e4                HAL_PCD_DataOutStageCallback
 .text.HAL_PCD_DataInStageCallback
                0x0800a11a       0x34 ./USB_DEVICE/Target/usbd_conf.o
                0x0800a11a                HAL_PCD_DataInStageCallback
 .text.HAL_PCD_SOFCallback
                0x0800a14e       0x1c ./USB_DEVICE/Target/usbd_conf.o
                0x0800a14e                HAL_PCD_SOFCallback
 .text.HAL_PCD_ResetCallback
                0x0800a16a       0x3c ./USB_DEVICE/Target/usbd_conf.o
                0x0800a16a                HAL_PCD_ResetCallback
 *fill*         0x0800a1a6        0x2 
 .text.HAL_PCD_SuspendCallback
                0x0800a1a8       0x4c ./USB_DEVICE/Target/usbd_conf.o
                0x0800a1a8                HAL_PCD_SuspendCallback
 .text.HAL_PCD_ResumeCallback
                0x0800a1f4       0x1c ./USB_DEVICE/Target/usbd_conf.o
                0x0800a1f4                HAL_PCD_ResumeCallback
 .text.HAL_PCD_ISOOUTIncompleteCallback
                0x0800a210       0x24 ./USB_DEVICE/Target/usbd_conf.o
                0x0800a210                HAL_PCD_ISOOUTIncompleteCallback
 .text.HAL_PCD_ISOINIncompleteCallback
                0x0800a234       0x24 ./USB_DEVICE/Target/usbd_conf.o
                0x0800a234                HAL_PCD_ISOINIncompleteCallback
 .text.HAL_PCD_ConnectCallback
                0x0800a258       0x1c ./USB_DEVICE/Target/usbd_conf.o
                0x0800a258                HAL_PCD_ConnectCallback
 .text.HAL_PCD_DisconnectCallback
                0x0800a274       0x1c ./USB_DEVICE/Target/usbd_conf.o
                0x0800a274                HAL_PCD_DisconnectCallback
 .text.USBD_LL_Init
                0x0800a290       0x98 ./USB_DEVICE/Target/usbd_conf.o
                0x0800a290                USBD_LL_Init
 .text.USBD_LL_Start
                0x0800a328       0x36 ./USB_DEVICE/Target/usbd_conf.o
                0x0800a328                USBD_LL_Start
 .text.USBD_LL_OpenEP
                0x0800a35e       0x4c ./USB_DEVICE/Target/usbd_conf.o
                0x0800a35e                USBD_LL_OpenEP
 .text.USBD_LL_CloseEP
                0x0800a3aa       0x3e ./USB_DEVICE/Target/usbd_conf.o
                0x0800a3aa                USBD_LL_CloseEP
 .text.USBD_LL_StallEP
                0x0800a3e8       0x3e ./USB_DEVICE/Target/usbd_conf.o
                0x0800a3e8                USBD_LL_StallEP
 .text.USBD_LL_ClearStallEP
                0x0800a426       0x3e ./USB_DEVICE/Target/usbd_conf.o
                0x0800a426                USBD_LL_ClearStallEP
 .text.USBD_LL_IsStallEP
                0x0800a464       0x58 ./USB_DEVICE/Target/usbd_conf.o
                0x0800a464                USBD_LL_IsStallEP
 .text.USBD_LL_SetUSBAddress
                0x0800a4bc       0x3e ./USB_DEVICE/Target/usbd_conf.o
                0x0800a4bc                USBD_LL_SetUSBAddress
 .text.USBD_LL_Transmit
                0x0800a4fa       0x42 ./USB_DEVICE/Target/usbd_conf.o
                0x0800a4fa                USBD_LL_Transmit
 .text.USBD_LL_PrepareReceive
                0x0800a53c       0x42 ./USB_DEVICE/Target/usbd_conf.o
                0x0800a53c                USBD_LL_PrepareReceive
 *fill*         0x0800a57e        0x2 
 .text.USBD_static_malloc
                0x0800a580       0x1c ./USB_DEVICE/Target/usbd_conf.o
                0x0800a580                USBD_static_malloc
 .text.USBD_static_free
                0x0800a59c       0x14 ./USB_DEVICE/Target/usbd_conf.o
                0x0800a59c                USBD_static_free
 .text.USBD_Get_USB_Status
                0x0800a5b0       0x58 ./USB_DEVICE/Target/usbd_conf.o
                0x0800a5b0                USBD_Get_USB_Status
 .text.memset   0x0800a608       0x10 D:/ST/STM32CubeIde1.17/STM32CubeIDE_1.17.0/STM32CubeIDE/plugins/com.st.stm32cube.ide.mcu.externaltools.gnu-tools-for-stm32.12.3.rel1.win32_1.1.0.202410251130/tools/bin/../lib/gcc/arm-none-eabi/12.3.1/../../../../arm-none-eabi/lib/thumb/v7e-m+fp/hard\libc_nano.a(libc_a-memset.o)
                0x0800a608                memset
 .text.__libc_init_array
                0x0800a618       0x48 D:/ST/STM32CubeIde1.17/STM32CubeIDE_1.17.0/STM32CubeIDE/plugins/com.st.stm32cube.ide.mcu.externaltools.gnu-tools-for-stm32.12.3.rel1.win32_1.1.0.202410251130/tools/bin/../lib/gcc/arm-none-eabi/12.3.1/../../../../arm-none-eabi/lib/thumb/v7e-m+fp/hard\libc_nano.a(libc_a-init.o)
                0x0800a618                __libc_init_array
 *(.glue_7)
 .glue_7        0x0800a660        0x0 linker stubs
 *(.glue_7t)
 .glue_7t       0x0800a660        0x0 linker stubs
 *(.eh_frame)
 .eh_frame      0x0800a660        0x0 D:/ST/STM32CubeIde1.17/STM32CubeIDE_1.17.0/STM32CubeIDE/plugins/com.st.stm32cube.ide.mcu.externaltools.gnu-tools-for-stm32.12.3.rel1.win32_1.1.0.202410251130/tools/bin/../lib/gcc/arm-none-eabi/12.3.1/thumb/v7e-m+fp/hard/crtbegin.o
 *(.init)
 .init          0x0800a660        0x4 D:/ST/STM32CubeIde1.17/STM32CubeIDE_1.17.0/STM32CubeIDE/plugins/com.st.stm32cube.ide.mcu.externaltools.gnu-tools-for-stm32.12.3.rel1.win32_1.1.0.202410251130/tools/bin/../lib/gcc/arm-none-eabi/12.3.1/thumb/v7e-m+fp/hard/crti.o
                0x0800a660                _init
 .init          0x0800a664        0x8 D:/ST/STM32CubeIde1.17/STM32CubeIDE_1.17.0/STM32CubeIDE/plugins/com.st.stm32cube.ide.mcu.externaltools.gnu-tools-for-stm32.12.3.rel1.win32_1.1.0.202410251130/tools/bin/../lib/gcc/arm-none-eabi/12.3.1/thumb/v7e-m+fp/hard/crtn.o
 *(.fini)
 .fini          0x0800a66c        0x4 D:/ST/STM32CubeIde1.17/STM32CubeIDE_1.17.0/STM32CubeIDE/plugins/com.st.stm32cube.ide.mcu.externaltools.gnu-tools-for-stm32.12.3.rel1.win32_1.1.0.202410251130/tools/bin/../lib/gcc/arm-none-eabi/12.3.1/thumb/v7e-m+fp/hard/crti.o
                0x0800a66c                _fini
 .fini          0x0800a670        0x8 D:/ST/STM32CubeIde1.17/STM32CubeIDE_1.17.0/STM32CubeIDE/plugins/com.st.stm32cube.ide.mcu.externaltools.gnu-tools-for-stm32.12.3.rel1.win32_1.1.0.202410251130/tools/bin/../lib/gcc/arm-none-eabi/12.3.1/thumb/v7e-m+fp/hard/crtn.o
                0x0800a678                        . = ALIGN (0x4)
                0x0800a678                        _etext = .

.vfp11_veneer   0x0800a678        0x0
 .vfp11_veneer  0x0800a678        0x0 linker stubs

.v4_bx          0x0800a678        0x0
 .v4_bx         0x0800a678        0x0 linker stubs

.iplt           0x0800a678        0x0
 .iplt          0x0800a678        0x0 D:/ST/STM32CubeIde1.17/STM32CubeIDE_1.17.0/STM32CubeIDE/plugins/com.st.stm32cube.ide.mcu.externaltools.gnu-tools-for-stm32.12.3.rel1.win32_1.1.0.202410251130/tools/bin/../lib/gcc/arm-none-eabi/12.3.1/thumb/v7e-m+fp/hard/crtbegin.o

.rodata         0x0800a678      0x108
                0x0800a678                        . = ALIGN (0x4)
 *(.rodata)
 .rodata        0x0800a678       0x46 ./USB_DEVICE/App/usbd_desc.o
 *(.rodata*)
 *fill*         0x0800a6be        0x2 
 .rodata.selectPins
                0x0800a6c0        0xc ./Core/Src/main.o
                0x0800a6c0                selectPins
 .rodata.Leds   0x0800a6cc       0x40 ./Core/Src/note.o
                0x0800a6cc                Leds
 .rodata.notePitches
                0x0800a70c       0x40 ./Core/Src/note.o
                0x0800a70c                notePitches
 .rodata.Colours
                0x0800a74c       0x1b ./Core/Src/sk6812MiniE.o
                0x0800a74c                Colours
 *fill*         0x0800a767        0x1 
 .rodata.AHBPrescTable
                0x0800a768       0x10 ./Core/Src/system_stm32f4xx.o
                0x0800a768                AHBPrescTable
 .rodata.flagBitshiftOffset.0
                0x0800a778        0x8 ./Drivers/STM32F4xx_HAL_Driver/Src/stm32f4xx_hal_dma.o
                0x0800a780                        . = ALIGN (0x4)

.ARM.extab      0x0800a780        0x0
                0x0800a780                        . = ALIGN (0x4)
 *(.ARM.extab* .gnu.linkonce.armextab.*)
                0x0800a780                        . = ALIGN (0x4)

.ARM            0x0800a780        0x8
                0x0800a780                        . = ALIGN (0x4)
                0x0800a780                        __exidx_start = .
 *(.ARM.exidx*)
 .ARM.exidx     0x0800a780        0x8 D:/ST/STM32CubeIde1.17/STM32CubeIDE_1.17.0/STM32CubeIDE/plugins/com.st.stm32cube.ide.mcu.externaltools.gnu-tools-for-stm32.12.3.rel1.win32_1.1.0.202410251130/tools/bin/../lib/gcc/arm-none-eabi/12.3.1/thumb/v7e-m+fp/hard\libgcc.a(_udivmoddi4.o)
                0x0800a788                        __exidx_end = .
                0x0800a788                        . = ALIGN (0x4)

.preinit_array  0x0800a788        0x0
                0x0800a788                        . = ALIGN (0x4)
                0x0800a788                        PROVIDE (__preinit_array_start = .)
 *(.preinit_array*)
                0x0800a788                        PROVIDE (__preinit_array_end = .)
                0x0800a788                        . = ALIGN (0x4)

.init_array     0x0800a788        0x4
                0x0800a788                        . = ALIGN (0x4)
                0x0800a788                        PROVIDE (__init_array_start = .)
 *(SORT_BY_NAME(.init_array.*))
 *(.init_array*)
 .init_array    0x0800a788        0x4 D:/ST/STM32CubeIde1.17/STM32CubeIDE_1.17.0/STM32CubeIDE/plugins/com.st.stm32cube.ide.mcu.externaltools.gnu-tools-for-stm32.12.3.rel1.win32_1.1.0.202410251130/tools/bin/../lib/gcc/arm-none-eabi/12.3.1/thumb/v7e-m+fp/hard/crtbegin.o
                0x0800a78c                        PROVIDE (__init_array_end = .)
                0x0800a78c                        . = ALIGN (0x4)

.fini_array     0x0800a78c        0x4
                0x0800a78c                        . = ALIGN (0x4)
                [!provide]                        PROVIDE (__fini_array_start = .)
 *(SORT_BY_NAME(.fini_array.*))
 *(.fini_array*)
 .fini_array    0x0800a78c        0x4 D:/ST/STM32CubeIde1.17/STM32CubeIDE_1.17.0/STM32CubeIDE/plugins/com.st.stm32cube.ide.mcu.externaltools.gnu-tools-for-stm32.12.3.rel1.win32_1.1.0.202410251130/tools/bin/../lib/gcc/arm-none-eabi/12.3.1/thumb/v7e-m+fp/hard/crtbegin.o
                [!provide]                        PROVIDE (__fini_array_end = .)
                0x0800a790                        . = ALIGN (0x4)
                0x0800a790                        _sidata = LOADADDR (.data)

.rel.dyn        0x0800a790        0x0
 .rel.iplt      0x0800a790        0x0 D:/ST/STM32CubeIde1.17/STM32CubeIDE_1.17.0/STM32CubeIDE/plugins/com.st.stm32cube.ide.mcu.externaltools.gnu-tools-for-stm32.12.3.rel1.win32_1.1.0.202410251130/tools/bin/../lib/gcc/arm-none-eabi/12.3.1/thumb/v7e-m+fp/hard/crtbegin.o

.data           0x20000000      0x160 load address 0x0800a790
                0x20000000                        . = ALIGN (0x4)
                0x20000000                        _sdata = .
 *(.data)
 *(.data*)
 .data.SystemCoreClock
                0x20000000        0x4 ./Core/Src/system_stm32f4xx.o
                0x20000000                SystemCoreClock
 .data.uwTickPrio
                0x20000004        0x4 ./Drivers/STM32F4xx_HAL_Driver/Src/stm32f4xx_hal.o
                0x20000004                uwTickPrio
 .data.uwTickFreq
                0x20000008        0x1 ./Drivers/STM32F4xx_HAL_Driver/Src/stm32f4xx_hal.o
                0x20000008                uwTickFreq
 *fill*         0x20000009        0x3 
 .data.USBD_HID
                0x2000000c       0x38 ./Middlewares/ST/STM32_USB_Device_Library/Class/HID/Src/usbd_hid.o
                0x2000000c                USBD_HID
 .data.USBD_HID_CfgDesc
                0x20000044       0x65 ./Middlewares/ST/STM32_USB_Device_Library/Class/HID/Src/usbd_hid.o
 *fill*         0x200000a9        0x3 
 .data.USBD_HID_Desc
                0x200000ac        0x9 ./Middlewares/ST/STM32_USB_Device_Library/Class/HID/Src/usbd_hid.o
 *fill*         0x200000b5        0x3 
 .data.USBD_HID_DeviceQualifierDesc
                0x200000b8        0xa ./Middlewares/ST/STM32_USB_Device_Library/Class/HID/Src/usbd_hid.o
 *fill*         0x200000c2        0x2 
 .data.HID_MOUSE_ReportDesc
                0x200000c4       0x4a ./Middlewares/ST/STM32_USB_Device_Library/Class/HID/Src/usbd_hid.o
 .data.HIDInEpAdd
                0x2000010e        0x1 ./Middlewares/ST/STM32_USB_Device_Library/Class/HID/Src/usbd_hid.o
 *fill*         0x2000010f        0x1 
 .data.FS_Desc  0x20000110       0x1c ./USB_DEVICE/App/usbd_desc.o
                0x20000110                FS_Desc
 .data.USBD_FS_DeviceDesc
                0x2000012c       0x12 ./USB_DEVICE/App/usbd_desc.o
                0x2000012c                USBD_FS_DeviceDesc
 *fill*         0x2000013e        0x2 
 .data.USBD_LangIDDesc
                0x20000140        0x4 ./USB_DEVICE/App/usbd_desc.o
                0x20000140                USBD_LangIDDesc
 .data.USBD_StringSerial
                0x20000144       0x1a ./USB_DEVICE/App/usbd_desc.o
                0x20000144                USBD_StringSerial
 *(.RamFunc)
 *(.RamFunc*)
                0x20000160                        . = ALIGN (0x4)
 *fill*         0x2000015e        0x2 
                0x20000160                        _edata = .

.igot.plt       0x20000160        0x0 load address 0x0800a8f0
 .igot.plt      0x20000160        0x0 D:/ST/STM32CubeIde1.17/STM32CubeIDE_1.17.0/STM32CubeIDE/plugins/com.st.stm32cube.ide.mcu.externaltools.gnu-tools-for-stm32.12.3.rel1.win32_1.1.0.202410251130/tools/bin/../lib/gcc/arm-none-eabi/12.3.1/thumb/v7e-m+fp/hard/crtbegin.o
                0x20000160                        . = ALIGN (0x4)

.bss            0x20000160     0x16ac load address 0x0800a8f0
                0x20000160                        _sbss = .
                0x20000160                        __bss_start__ = _sbss
 *(.bss)
 .bss           0x20000160       0x1c D:/ST/STM32CubeIde1.17/STM32CubeIDE_1.17.0/STM32CubeIDE/plugins/com.st.stm32cube.ide.mcu.externaltools.gnu-tools-for-stm32.12.3.rel1.win32_1.1.0.202410251130/tools/bin/../lib/gcc/arm-none-eabi/12.3.1/thumb/v7e-m+fp/hard/crtbegin.o
 *(.bss*)
 .bss.hadc1     0x2000017c       0x48 ./Core/Src/main.o
                0x2000017c                hadc1
 .bss.hdma_adc1
                0x200001c4       0x60 ./Core/Src/main.o
                0x200001c4                hdma_adc1
 .bss.htim2     0x20000224       0x48 ./Core/Src/main.o
                0x20000224                htim2
 .bss.htim4     0x2000026c       0x48 ./Core/Src/main.o
                0x2000026c                htim4
 .bss.htim5     0x200002b4       0x48 ./Core/Src/main.o
                0x200002b4                htim5
 .bss.hdma_tim2_ch3_up
                0x200002fc       0x60 ./Core/Src/main.o
                0x200002fc                hdma_tim2_ch3_up
 .bss.SK6812_TIM_FLAG
                0x2000035c        0x1 ./Core/Src/main.o
                0x2000035c                SK6812_TIM_FLAG
 *fill*         0x2000035d        0x3 
 .bss.midiTx    0x20000360       0x40 ./Core/Src/midi.o
                0x20000360                midiTx
 .bss.txPtrIn   0x200003a0        0x1 ./Core/Src/midi.o
                0x200003a0                txPtrIn
 .bss.numActive
                0x200003a1        0x1 ./Core/Src/note.o
                0x200003a1                numActive
 .bss.ADC_COMPLETE_FLAG
                0x200003a2        0x1 ./Core/Src/note.o
                0x200003a2                ADC_COMPLETE_FLAG
 .bss.octave    0x200003a3        0x1 ./Core/Src/note.o
                0x200003a3                octave
 .bss.keyData   0x200003a4       0x40 ./Core/Src/note.o
                0x200003a4                keyData
 .bss.keyCount  0x200003e4        0x1 ./Core/Src/note.o
                0x200003e4                keyCount
 *fill*         0x200003e5        0x3 
 .bss.noteArray
                0x200003e8      0x2c0 ./Core/Src/note.o
                0x200003e8                noteArray
 .bss.globalThresh
                0x200006a8        0x2 ./Core/Src/note.o
                0x200006a8                globalThresh
 .bss.SK6812_DMA_COMPLETE_FLAG
                0x200006aa        0x1 ./Core/Src/sk6812MiniE.o
                0x200006aa                SK6812_DMA_COMPLETE_FLAG
 *fill*         0x200006ab        0x1 
 .bss.SK6812_LEDDATA
                0x200006ac       0x40 ./Core/Src/sk6812MiniE.o
                0x200006ac                SK6812_LEDDATA
 .bss.SK6812_DMA_BUF
                0x200006ec      0x740 ./Core/Src/sk6812MiniE.o
                0x200006ec                SK6812_DMA_BUF
 .bss.SK6812_UPDATE_READY
                0x20000e2c        0x1 ./Core/Src/sk6812MiniE.o
                0x20000e2c                SK6812_UPDATE_READY
 *fill*         0x20000e2d        0x3 
 .bss.uwTick    0x20000e30        0x4 ./Drivers/STM32F4xx_HAL_Driver/Src/stm32f4xx_hal.o
                0x20000e30                uwTick
 .bss.cfgidx.0  0x20000e34        0x1 ./Middlewares/ST/STM32_USB_Device_Library/Core/Src/usbd_ctlreq.o
 *fill*         0x20000e35        0x3 
 .bss.hUsbDeviceFS
                0x20000e38      0x2dc ./USB_DEVICE/App/usb_device.o
                0x20000e38                hUsbDeviceFS
 .bss.USBD_StrDesc
                0x20001114      0x200 ./USB_DEVICE/App/usbd_desc.o
                0x20001114                USBD_StrDesc
 .bss.hpcd_USB_OTG_FS
                0x20001314      0x4e4 ./USB_DEVICE/Target/usbd_conf.o
                0x20001314                hpcd_USB_OTG_FS
 .bss.mem.0     0x200017f8       0x14 ./USB_DEVICE/Target/usbd_conf.o
 *(COMMON)
                0x2000180c                        . = ALIGN (0x4)
                0x2000180c                        _ebss = .
                0x2000180c                        __bss_end__ = _ebss

._user_heap_stack
                0x2000180c      0x604 load address 0x0800a8f0
                0x20001810                        . = ALIGN (0x8)
 *fill*         0x2000180c        0x4 
                [!provide]                        PROVIDE (end = .)
                0x20001810                        PROVIDE (_end = .)
                0x20001a10                        . = (. + _Min_Heap_Size)
 *fill*         0x20001810      0x200 
                0x20001e10                        . = (. + _Min_Stack_Size)
 *fill*         0x20001a10      0x400 
                0x20001e10                        . = ALIGN (0x8)

/DISCARD/
 libc.a(*)
 libm.a(*)
 libgcc.a(*)

.ARM.attributes
                0x00000000       0x30
 *(.ARM.attributes)
 .ARM.attributes
                0x00000000       0x22 D:/ST/STM32CubeIde1.17/STM32CubeIDE_1.17.0/STM32CubeIDE/plugins/com.st.stm32cube.ide.mcu.externaltools.gnu-tools-for-stm32.12.3.rel1.win32_1.1.0.202410251130/tools/bin/../lib/gcc/arm-none-eabi/12.3.1/thumb/v7e-m+fp/hard/crti.o
 .ARM.attributes
                0x00000022       0x34 D:/ST/STM32CubeIde1.17/STM32CubeIDE_1.17.0/STM32CubeIDE/plugins/com.st.stm32cube.ide.mcu.externaltools.gnu-tools-for-stm32.12.3.rel1.win32_1.1.0.202410251130/tools/bin/../lib/gcc/arm-none-eabi/12.3.1/thumb/v7e-m+fp/hard/crtbegin.o
 .ARM.attributes
                0x00000056       0x34 ./Core/Src/main.o
 .ARM.attributes
                0x0000008a       0x34 ./Core/Src/midi.o
 .ARM.attributes
                0x000000be       0x34 ./Core/Src/note.o
 .ARM.attributes
                0x000000f2       0x34 ./Core/Src/sk6812MiniE.o
 .ARM.attributes
                0x00000126       0x34 ./Core/Src/stm32f4xx_hal_msp.o
 .ARM.attributes
                0x0000015a       0x34 ./Core/Src/stm32f4xx_it.o
 .ARM.attributes
                0x0000018e       0x34 ./Core/Src/system_stm32f4xx.o
 .ARM.attributes
                0x000001c2       0x21 ./Core/Startup/startup_stm32f411ceux.o
 .ARM.attributes
                0x000001e3       0x34 ./Drivers/STM32F4xx_HAL_Driver/Src/stm32f4xx_hal.o
 .ARM.attributes
                0x00000217       0x34 ./Drivers/STM32F4xx_HAL_Driver/Src/stm32f4xx_hal_adc.o
 .ARM.attributes
                0x0000024b       0x34 ./Drivers/STM32F4xx_HAL_Driver/Src/stm32f4xx_hal_adc_ex.o
 .ARM.attributes
                0x0000027f       0x34 ./Drivers/STM32F4xx_HAL_Driver/Src/stm32f4xx_hal_cortex.o
 .ARM.attributes
                0x000002b3       0x34 ./Drivers/STM32F4xx_HAL_Driver/Src/stm32f4xx_hal_dma.o
 .ARM.attributes
                0x000002e7       0x34 ./Drivers/STM32F4xx_HAL_Driver/Src/stm32f4xx_hal_gpio.o
 .ARM.attributes
                0x0000031b       0x34 ./Drivers/STM32F4xx_HAL_Driver/Src/stm32f4xx_hal_pcd.o
 .ARM.attributes
                0x0000034f       0x34 ./Drivers/STM32F4xx_HAL_Driver/Src/stm32f4xx_hal_pcd_ex.o
 .ARM.attributes
                0x00000383       0x34 ./Drivers/STM32F4xx_HAL_Driver/Src/stm32f4xx_hal_rcc.o
 .ARM.attributes
                0x000003b7       0x34 ./Drivers/STM32F4xx_HAL_Driver/Src/stm32f4xx_hal_tim.o
 .ARM.attributes
                0x000003eb       0x34 ./Drivers/STM32F4xx_HAL_Driver/Src/stm32f4xx_hal_tim_ex.o
 .ARM.attributes
                0x0000041f       0x34 ./Drivers/STM32F4xx_HAL_Driver/Src/stm32f4xx_ll_usb.o
 .ARM.attributes
                0x00000453       0x34 ./Middlewares/ST/STM32_USB_Device_Library/Class/HID/Src/usbd_hid.o
 .ARM.attributes
                0x00000487       0x34 ./Middlewares/ST/STM32_USB_Device_Library/Core/Src/usbd_core.o
 .ARM.attributes
                0x000004bb       0x34 ./Middlewares/ST/STM32_USB_Device_Library/Core/Src/usbd_ctlreq.o
 .ARM.attributes
                0x000004ef       0x34 ./Middlewares/ST/STM32_USB_Device_Library/Core/Src/usbd_ioreq.o
 .ARM.attributes
                0x00000523       0x34 ./USB_DEVICE/App/usb_device.o
 .ARM.attributes
                0x00000557       0x34 ./USB_DEVICE/App/usbd_desc.o
 .ARM.attributes
                0x0000058b       0x34 ./USB_DEVICE/Target/usbd_conf.o
 .ARM.attributes
                0x000005bf       0x34 D:/ST/STM32CubeIde1.17/STM32CubeIDE_1.17.0/STM32CubeIDE/plugins/com.st.stm32cube.ide.mcu.externaltools.gnu-tools-for-stm32.12.3.rel1.win32_1.1.0.202410251130/tools/bin/../lib/gcc/arm-none-eabi/12.3.1/../../../../arm-none-eabi/lib/thumb/v7e-m+fp/hard\libc_nano.a(libc_a-memset.o)
 .ARM.attributes
                0x000005f3       0x34 D:/ST/STM32CubeIde1.17/STM32CubeIDE_1.17.0/STM32CubeIDE/plugins/com.st.stm32cube.ide.mcu.externaltools.gnu-tools-for-stm32.12.3.rel1.win32_1.1.0.202410251130/tools/bin/../lib/gcc/arm-none-eabi/12.3.1/../../../../arm-none-eabi/lib/thumb/v7e-m+fp/hard\libc_nano.a(libc_a-init.o)
 .ARM.attributes
                0x00000627       0x22 D:/ST/STM32CubeIde1.17/STM32CubeIDE_1.17.0/STM32CubeIDE/plugins/com.st.stm32cube.ide.mcu.externaltools.gnu-tools-for-stm32.12.3.rel1.win32_1.1.0.202410251130/tools/bin/../lib/gcc/arm-none-eabi/12.3.1/thumb/v7e-m+fp/hard\libgcc.a(_arm_muldf3.o)
 .ARM.attributes
                0x00000649       0x22 D:/ST/STM32CubeIde1.17/STM32CubeIDE_1.17.0/STM32CubeIDE/plugins/com.st.stm32cube.ide.mcu.externaltools.gnu-tools-for-stm32.12.3.rel1.win32_1.1.0.202410251130/tools/bin/../lib/gcc/arm-none-eabi/12.3.1/thumb/v7e-m+fp/hard\libgcc.a(_arm_addsubdf3.o)
 .ARM.attributes
                0x0000066b       0x22 D:/ST/STM32CubeIde1.17/STM32CubeIDE_1.17.0/STM32CubeIDE/plugins/com.st.stm32cube.ide.mcu.externaltools.gnu-tools-for-stm32.12.3.rel1.win32_1.1.0.202410251130/tools/bin/../lib/gcc/arm-none-eabi/12.3.1/thumb/v7e-m+fp/hard\libgcc.a(_arm_fixunsdfsi.o)
 .ARM.attributes
                0x0000068d       0x22 D:/ST/STM32CubeIde1.17/STM32CubeIDE_1.17.0/STM32CubeIDE/plugins/com.st.stm32cube.ide.mcu.externaltools.gnu-tools-for-stm32.12.3.rel1.win32_1.1.0.202410251130/tools/bin/../lib/gcc/arm-none-eabi/12.3.1/thumb/v7e-m+fp/hard\libgcc.a(_arm_truncdfsf2.o)
 .ARM.attributes
                0x000006af       0x22 D:/ST/STM32CubeIde1.17/STM32CubeIDE_1.17.0/STM32CubeIDE/plugins/com.st.stm32cube.ide.mcu.externaltools.gnu-tools-for-stm32.12.3.rel1.win32_1.1.0.202410251130/tools/bin/../lib/gcc/arm-none-eabi/12.3.1/thumb/v7e-m+fp/hard\libgcc.a(_aeabi_uldivmod.o)
 .ARM.attributes
                0x000006d1       0x34 D:/ST/STM32CubeIde1.17/STM32CubeIDE_1.17.0/STM32CubeIDE/plugins/com.st.stm32cube.ide.mcu.externaltools.gnu-tools-for-stm32.12.3.rel1.win32_1.1.0.202410251130/tools/bin/../lib/gcc/arm-none-eabi/12.3.1/thumb/v7e-m+fp/hard\libgcc.a(_udivmoddi4.o)
 .ARM.attributes
                0x00000705       0x22 D:/ST/STM32CubeIde1.17/STM32CubeIDE_1.17.0/STM32CubeIDE/plugins/com.st.stm32cube.ide.mcu.externaltools.gnu-tools-for-stm32.12.3.rel1.win32_1.1.0.202410251130/tools/bin/../lib/gcc/arm-none-eabi/12.3.1/thumb/v7e-m+fp/hard\libgcc.a(_dvmd_tls.o)
 .ARM.attributes
                0x00000727       0x22 D:/ST/STM32CubeIde1.17/STM32CubeIDE_1.17.0/STM32CubeIDE/plugins/com.st.stm32cube.ide.mcu.externaltools.gnu-tools-for-stm32.12.3.rel1.win32_1.1.0.202410251130/tools/bin/../lib/gcc/arm-none-eabi/12.3.1/thumb/v7e-m+fp/hard/crtn.o
OUTPUT(magnetone.elf elf32-littlearm)
LOAD linker stubs
LOAD D:/ST/STM32CubeIde1.17/STM32CubeIDE_1.17.0/STM32CubeIDE/plugins/com.st.stm32cube.ide.mcu.externaltools.gnu-tools-for-stm32.12.3.rel1.win32_1.1.0.202410251130/tools/bin/../lib/gcc/arm-none-eabi/12.3.1/../../../../arm-none-eabi/lib/thumb/v7e-m+fp/hard\libc.a
LOAD D:/ST/STM32CubeIde1.17/STM32CubeIDE_1.17.0/STM32CubeIDE/plugins/com.st.stm32cube.ide.mcu.externaltools.gnu-tools-for-stm32.12.3.rel1.win32_1.1.0.202410251130/tools/bin/../lib/gcc/arm-none-eabi/12.3.1/../../../../arm-none-eabi/lib/thumb/v7e-m+fp/hard\libm.a
LOAD D:/ST/STM32CubeIde1.17/STM32CubeIDE_1.17.0/STM32CubeIDE/plugins/com.st.stm32cube.ide.mcu.externaltools.gnu-tools-for-stm32.12.3.rel1.win32_1.1.0.202410251130/tools/bin/../lib/gcc/arm-none-eabi/12.3.1/thumb/v7e-m+fp/hard\libgcc.a

.debug_info     0x00000000    0x165c9
 .debug_info    0x00000000     0x179c ./Core/Src/main.o
 .debug_info    0x0000179c      0x7ab ./Core/Src/midi.o
 .debug_info    0x00001f47      0xd3d ./Core/Src/note.o
 .debug_info    0x00002c84      0x920 ./Core/Src/sk6812MiniE.o
 .debug_info    0x000035a4      0xfd6 ./Core/Src/stm32f4xx_hal_msp.o
 .debug_info    0x0000457a      0xecf ./Core/Src/stm32f4xx_it.o
 .debug_info    0x00005449      0x53e ./Core/Src/system_stm32f4xx.o
 .debug_info    0x00005987       0x30 ./Core/Startup/startup_stm32f411ceux.o
 .debug_info    0x000059b7      0x8c4 ./Drivers/STM32F4xx_HAL_Driver/Src/stm32f4xx_hal.o
 .debug_info    0x0000627b      0xcd1 ./Drivers/STM32F4xx_HAL_Driver/Src/stm32f4xx_hal_adc.o
 .debug_info    0x00006f4c      0xb56 ./Drivers/STM32F4xx_HAL_Driver/Src/stm32f4xx_hal_adc_ex.o
 .debug_info    0x00007aa2      0xcfc ./Drivers/STM32F4xx_HAL_Driver/Src/stm32f4xx_hal_cortex.o
 .debug_info    0x0000879e      0x8e6 ./Drivers/STM32F4xx_HAL_Driver/Src/stm32f4xx_hal_dma.o
 .debug_info    0x00009084      0x6f9 ./Drivers/STM32F4xx_HAL_Driver/Src/stm32f4xx_hal_gpio.o
 .debug_info    0x0000977d     0x1577 ./Drivers/STM32F4xx_HAL_Driver/Src/stm32f4xx_hal_pcd.o
 .debug_info    0x0000acf4      0x6ea ./Drivers/STM32F4xx_HAL_Driver/Src/stm32f4xx_hal_pcd_ex.o
 .debug_info    0x0000b3de      0x8f0 ./Drivers/STM32F4xx_HAL_Driver/Src/stm32f4xx_hal_rcc.o
 .debug_info    0x0000bcce     0x2996 ./Drivers/STM32F4xx_HAL_Driver/Src/stm32f4xx_hal_tim.o
 .debug_info    0x0000e664     0x14d4 ./Drivers/STM32F4xx_HAL_Driver/Src/stm32f4xx_hal_tim_ex.o
 .debug_info    0x0000fb38     0x1993 ./Drivers/STM32F4xx_HAL_Driver/Src/stm32f4xx_ll_usb.o
 .debug_info    0x000114cb      0xa8a ./Middlewares/ST/STM32_USB_Device_Library/Class/HID/Src/usbd_hid.o
 .debug_info    0x00011f55      0xe05 ./Middlewares/ST/STM32_USB_Device_Library/Core/Src/usbd_core.o
 .debug_info    0x00012d5a      0xade ./Middlewares/ST/STM32_USB_Device_Library/Core/Src/usbd_ctlreq.o
 .debug_info    0x00013838      0x755 ./Middlewares/ST/STM32_USB_Device_Library/Core/Src/usbd_ioreq.o
 .debug_info    0x00013f8d      0x5ef ./USB_DEVICE/App/usb_device.o
 .debug_info    0x0001457c      0x458 ./USB_DEVICE/App/usbd_desc.o
 .debug_info    0x000149d4     0x1bf5 ./USB_DEVICE/Target/usbd_conf.o

.debug_abbrev   0x00000000     0x3cae
 .debug_abbrev  0x00000000      0x309 ./Core/Src/main.o
 .debug_abbrev  0x00000309      0x212 ./Core/Src/midi.o
 .debug_abbrev  0x0000051b      0x312 ./Core/Src/note.o
 .debug_abbrev  0x0000082d      0x251 ./Core/Src/sk6812MiniE.o
 .debug_abbrev  0x00000a7e      0x254 ./Core/Src/stm32f4xx_hal_msp.o
 .debug_abbrev  0x00000cd2      0x203 ./Core/Src/stm32f4xx_it.o
 .debug_abbrev  0x00000ed5      0x11a ./Core/Src/system_stm32f4xx.o
 .debug_abbrev  0x00000fef       0x24 ./Core/Startup/startup_stm32f411ceux.o
 .debug_abbrev  0x00001013      0x24b ./Drivers/STM32F4xx_HAL_Driver/Src/stm32f4xx_hal.o
 .debug_abbrev  0x0000125e      0x20e ./Drivers/STM32F4xx_HAL_Driver/Src/stm32f4xx_hal_adc.o
 .debug_abbrev  0x0000146c      0x22c ./Drivers/STM32F4xx_HAL_Driver/Src/stm32f4xx_hal_adc_ex.o
 .debug_abbrev  0x00001698      0x31d ./Drivers/STM32F4xx_HAL_Driver/Src/stm32f4xx_hal_cortex.o
 .debug_abbrev  0x000019b5      0x221 ./Drivers/STM32F4xx_HAL_Driver/Src/stm32f4xx_hal_dma.o
 .debug_abbrev  0x00001bd6      0x1d3 ./Drivers/STM32F4xx_HAL_Driver/Src/stm32f4xx_hal_gpio.o
 .debug_abbrev  0x00001da9      0x2b6 ./Drivers/STM32F4xx_HAL_Driver/Src/stm32f4xx_hal_pcd.o
 .debug_abbrev  0x0000205f      0x1da ./Drivers/STM32F4xx_HAL_Driver/Src/stm32f4xx_hal_pcd_ex.o
 .debug_abbrev  0x00002239      0x2b6 ./Drivers/STM32F4xx_HAL_Driver/Src/stm32f4xx_hal_rcc.o
 .debug_abbrev  0x000024ef      0x28b ./Drivers/STM32F4xx_HAL_Driver/Src/stm32f4xx_hal_tim.o
 .debug_abbrev  0x0000277a      0x296 ./Drivers/STM32F4xx_HAL_Driver/Src/stm32f4xx_hal_tim_ex.o
 .debug_abbrev  0x00002a10      0x2b3 ./Drivers/STM32F4xx_HAL_Driver/Src/stm32f4xx_ll_usb.o
 .debug_abbrev  0x00002cc3      0x2b6 ./Middlewares/ST/STM32_USB_Device_Library/Class/HID/Src/usbd_hid.o
 .debug_abbrev  0x00002f79      0x27c ./Middlewares/ST/STM32_USB_Device_Library/Core/Src/usbd_core.o
 .debug_abbrev  0x000031f5      0x26f ./Middlewares/ST/STM32_USB_Device_Library/Core/Src/usbd_ctlreq.o
 .debug_abbrev  0x00003464      0x19a ./Middlewares/ST/STM32_USB_Device_Library/Core/Src/usbd_ioreq.o
 .debug_abbrev  0x000035fe      0x190 ./USB_DEVICE/App/usb_device.o
 .debug_abbrev  0x0000378e      0x1e1 ./USB_DEVICE/App/usbd_desc.o
 .debug_abbrev  0x0000396f      0x33f ./USB_DEVICE/Target/usbd_conf.o

.debug_aranges  0x00000000     0x13c8
 .debug_aranges
                0x00000000       0x78 ./Core/Src/main.o
 .debug_aranges
                0x00000078       0x50 ./Core/Src/midi.o
 .debug_aranges
                0x000000c8       0x88 ./Core/Src/note.o
 .debug_aranges
                0x00000150       0x38 ./Core/Src/sk6812MiniE.o
 .debug_aranges
                0x00000188       0x48 ./Core/Src/stm32f4xx_hal_msp.o
 .debug_aranges
                0x000001d0       0x98 ./Core/Src/stm32f4xx_it.o
 .debug_aranges
                0x00000268       0x28 ./Core/Src/system_stm32f4xx.o
 .debug_aranges
                0x00000290       0x28 ./Core/Startup/startup_stm32f411ceux.o
 .debug_aranges
                0x000002b8       0xf0 ./Drivers/STM32F4xx_HAL_Driver/Src/stm32f4xx_hal.o
 .debug_aranges
                0x000003a8       0xe8 ./Drivers/STM32F4xx_HAL_Driver/Src/stm32f4xx_hal_adc.o
 .debug_aranges
                0x00000490       0x90 ./Drivers/STM32F4xx_HAL_Driver/Src/stm32f4xx_hal_adc_ex.o
 .debug_aranges
                0x00000520      0x130 ./Drivers/STM32F4xx_HAL_Driver/Src/stm32f4xx_hal_cortex.o
 .debug_aranges
                0x00000650       0x90 ./Drivers/STM32F4xx_HAL_Driver/Src/stm32f4xx_hal_dma.o
 .debug_aranges
                0x000006e0       0x58 ./Drivers/STM32F4xx_HAL_Driver/Src/stm32f4xx_hal_gpio.o
 .debug_aranges
                0x00000738      0x148 ./Drivers/STM32F4xx_HAL_Driver/Src/stm32f4xx_hal_pcd.o
 .debug_aranges
                0x00000880       0x38 ./Drivers/STM32F4xx_HAL_Driver/Src/stm32f4xx_hal_pcd_ex.o
 .debug_aranges
                0x000008b8       0x88 ./Drivers/STM32F4xx_HAL_Driver/Src/stm32f4xx_hal_rcc.o
 .debug_aranges
                0x00000940      0x3d0 ./Drivers/STM32F4xx_HAL_Driver/Src/stm32f4xx_hal_tim.o
 .debug_aranges
                0x00000d10      0x168 ./Drivers/STM32F4xx_HAL_Driver/Src/stm32f4xx_hal_tim_ex.o
 .debug_aranges
                0x00000e78      0x1a0 ./Drivers/STM32F4xx_HAL_Driver/Src/stm32f4xx_ll_usb.o
 .debug_aranges
                0x00001018       0x68 ./Middlewares/ST/STM32_USB_Device_Library/Class/HID/Src/usbd_hid.o
 .debug_aranges
                0x00001080       0xd8 ./Middlewares/ST/STM32_USB_Device_Library/Core/Src/usbd_core.o
 .debug_aranges
                0x00001158       0x90 ./Middlewares/ST/STM32_USB_Device_Library/Core/Src/usbd_ctlreq.o
 .debug_aranges
                0x000011e8       0x50 ./Middlewares/ST/STM32_USB_Device_Library/Core/Src/usbd_ioreq.o
 .debug_aranges
                0x00001238       0x20 ./USB_DEVICE/App/usb_device.o
 .debug_aranges
                0x00001258       0x60 ./USB_DEVICE/App/usbd_desc.o
 .debug_aranges
                0x000012b8      0x110 ./USB_DEVICE/Target/usbd_conf.o

.debug_rnglists
                0x00000000      0xf16
 .debug_rnglists
                0x00000000       0x5d ./Core/Src/main.o
 .debug_rnglists
                0x0000005d       0x37 ./Core/Src/midi.o
 .debug_rnglists
                0x00000094       0x67 ./Core/Src/note.o
 .debug_rnglists
                0x000000fb       0x26 ./Core/Src/sk6812MiniE.o
 .debug_rnglists
                0x00000121       0x34 ./Core/Src/stm32f4xx_hal_msp.o
 .debug_rnglists
                0x00000155       0x6d ./Core/Src/stm32f4xx_it.o
 .debug_rnglists
                0x000001c2       0x1a ./Core/Src/system_stm32f4xx.o
 .debug_rnglists
                0x000001dc       0x19 ./Core/Startup/startup_stm32f411ceux.o
 .debug_rnglists
                0x000001f5       0xaf ./Drivers/STM32F4xx_HAL_Driver/Src/stm32f4xx_hal.o
 .debug_rnglists
                0x000002a4       0xb5 ./Drivers/STM32F4xx_HAL_Driver/Src/stm32f4xx_hal_adc.o
 .debug_rnglists
                0x00000359       0x71 ./Drivers/STM32F4xx_HAL_Driver/Src/stm32f4xx_hal_adc_ex.o
 .debug_rnglists
                0x000003ca       0xe0 ./Drivers/STM32F4xx_HAL_Driver/Src/stm32f4xx_hal_cortex.o
 .debug_rnglists
                0x000004aa       0x70 ./Drivers/STM32F4xx_HAL_Driver/Src/stm32f4xx_hal_dma.o
 .debug_rnglists
                0x0000051a       0x3f ./Drivers/STM32F4xx_HAL_Driver/Src/stm32f4xx_hal_gpio.o
 .debug_rnglists
                0x00000559       0xfa ./Drivers/STM32F4xx_HAL_Driver/Src/stm32f4xx_hal_pcd.o
 .debug_rnglists
                0x00000653       0x26 ./Drivers/STM32F4xx_HAL_Driver/Src/stm32f4xx_hal_pcd_ex.o
 .debug_rnglists
                0x00000679       0x66 ./Drivers/STM32F4xx_HAL_Driver/Src/stm32f4xx_hal_rcc.o
 .debug_rnglists
                0x000006df      0x31a ./Drivers/STM32F4xx_HAL_Driver/Src/stm32f4xx_hal_tim.o
 .debug_rnglists
                0x000009f9      0x125 ./Drivers/STM32F4xx_HAL_Driver/Src/stm32f4xx_hal_tim_ex.o
 .debug_rnglists
                0x00000b1e      0x147 ./Drivers/STM32F4xx_HAL_Driver/Src/stm32f4xx_ll_usb.o
 .debug_rnglists
                0x00000c65       0x4c ./Middlewares/ST/STM32_USB_Device_Library/Class/HID/Src/usbd_hid.o
 .debug_rnglists
                0x00000cb1       0xa1 ./Middlewares/ST/STM32_USB_Device_Library/Core/Src/usbd_core.o
 .debug_rnglists
                0x00000d52       0x6e ./Middlewares/ST/STM32_USB_Device_Library/Core/Src/usbd_ctlreq.o
 .debug_rnglists
                0x00000dc0       0x37 ./Middlewares/ST/STM32_USB_Device_Library/Core/Src/usbd_ioreq.o
 .debug_rnglists
                0x00000df7       0x13 ./USB_DEVICE/App/usb_device.o
 .debug_rnglists
                0x00000e0a       0x43 ./USB_DEVICE/App/usbd_desc.o
 .debug_rnglists
                0x00000e4d       0xc9 ./USB_DEVICE/Target/usbd_conf.o

.debug_macro    0x00000000    0x1a95b
 .debug_macro   0x00000000      0x3f8 ./Core/Src/main.o
 .debug_macro   0x000003f8      0xab4 ./Core/Src/main.o
 .debug_macro   0x00000eac      0x2a1 ./Core/Src/main.o
 .debug_macro   0x0000114d       0x2e ./Core/Src/main.o
 .debug_macro   0x0000117b       0x28 ./Core/Src/main.o
 .debug_macro   0x000011a3       0x22 ./Core/Src/main.o
 .debug_macro   0x000011c5       0x8e ./Core/Src/main.o
 .debug_macro   0x00001253       0x51 ./Core/Src/main.o
 .debug_macro   0x000012a4      0x103 ./Core/Src/main.o
 .debug_macro   0x000013a7       0x6a ./Core/Src/main.o
 .debug_macro   0x00001411      0x1df ./Core/Src/main.o
 .debug_macro   0x000015f0       0x1c ./Core/Src/main.o
 .debug_macro   0x0000160c       0x22 ./Core/Src/main.o
 .debug_macro   0x0000162e       0xfb ./Core/Src/main.o
 .debug_macro   0x00001729     0x1011 ./Core/Src/main.o
 .debug_macro   0x0000273a      0x11f ./Core/Src/main.o
 .debug_macro   0x00002859     0xb953 ./Core/Src/main.o
 .debug_macro   0x0000e1ac       0x6d ./Core/Src/main.o
 .debug_macro   0x0000e219     0x369a ./Core/Src/main.o
 .debug_macro   0x000118b3      0x189 ./Core/Src/main.o
 .debug_macro   0x00011a3c       0x5c ./Core/Src/main.o
 .debug_macro   0x00011a98      0x45c ./Core/Src/main.o
 .debug_macro   0x00011ef4      0x9e9 ./Core/Src/main.o
 .debug_macro   0x000128dd      0x115 ./Core/Src/main.o
 .debug_macro   0x000129f2      0x11b ./Core/Src/main.o
 .debug_macro   0x00012b0d       0xa5 ./Core/Src/main.o
 .debug_macro   0x00012bb2      0x15f ./Core/Src/main.o
 .debug_macro   0x00012d11      0x287 ./Core/Src/main.o
 .debug_macro   0x00012f98       0x5f ./Core/Src/main.o
 .debug_macro   0x00012ff7      0x236 ./Core/Src/main.o
 .debug_macro   0x0001322d      0x9e1 ./Core/Src/main.o
 .debug_macro   0x00013c0e      0x38b ./Core/Src/main.o
 .debug_macro   0x00013f99      0x17d ./Core/Src/main.o
 .debug_macro   0x00014116       0xf9 ./Core/Src/main.o
 .debug_macro   0x0001420f      0x132 ./Core/Src/main.o
 .debug_macro   0x00014341      0x264 ./Core/Src/main.o
 .debug_macro   0x000145a5       0x2e ./Core/Src/main.o
 .debug_macro   0x000145d3      0x127 ./Core/Src/main.o
 .debug_macro   0x000146fa       0x85 ./Core/Src/main.o
 .debug_macro   0x0001477f       0x89 ./Core/Src/main.o
 .debug_macro   0x00014808      0x8ed ./Core/Src/main.o
 .debug_macro   0x000150f5       0x47 ./Core/Src/main.o
 .debug_macro   0x0001513c      0x293 ./Core/Src/main.o
 .debug_macro   0x000153cf       0xba ./Core/Src/main.o
 .debug_macro   0x00015489      0x126 ./Core/Src/main.o
 .debug_macro   0x000155af       0x34 ./Core/Src/main.o
 .debug_macro   0x000155e3       0x61 ./Core/Src/main.o
 .debug_macro   0x00015644       0x2a ./Core/Src/main.o
 .debug_macro   0x0001566e       0x43 ./Core/Src/main.o
 .debug_macro   0x000156b1       0x34 ./Core/Src/main.o
 .debug_macro   0x000156e5       0x16 ./Core/Src/main.o
 .debug_macro   0x000156fb       0x35 ./Core/Src/main.o
 .debug_macro   0x00015730      0x369 ./Core/Src/main.o
 .debug_macro   0x00015a99       0x10 ./Core/Src/main.o
 .debug_macro   0x00015aa9       0x16 ./Core/Src/main.o
 .debug_macro   0x00015abf       0x43 ./Core/Src/main.o
 .debug_macro   0x00015b02       0x34 ./Core/Src/main.o
 .debug_macro   0x00015b36       0x10 ./Core/Src/main.o
 .debug_macro   0x00015b46       0x58 ./Core/Src/main.o
 .debug_macro   0x00015b9e       0x8e ./Core/Src/main.o
 .debug_macro   0x00015c2c       0x1c ./Core/Src/main.o
 .debug_macro   0x00015c48      0x177 ./Core/Src/main.o
 .debug_macro   0x00015dbf       0x16 ./Core/Src/main.o
 .debug_macro   0x00015dd5       0x16 ./Core/Src/main.o
 .debug_macro   0x00015deb      0x146 ./Core/Src/main.o
 .debug_macro   0x00015f31       0x16 ./Core/Src/main.o
 .debug_macro   0x00015f47       0x16 ./Core/Src/main.o
 .debug_macro   0x00015f5d       0x29 ./Core/Src/main.o
 .debug_macro   0x00015f86       0x16 ./Core/Src/main.o
 .debug_macro   0x00015f9c       0x20 ./Core/Src/main.o
 .debug_macro   0x00015fbc       0x6b ./Core/Src/main.o
 .debug_macro   0x00016027      0x20f ./Core/Src/main.o
 .debug_macro   0x00016236       0x5f ./Core/Src/main.o
 .debug_macro   0x00016295       0x16 ./Core/Src/main.o
 .debug_macro   0x000162ab       0x22 ./Core/Src/main.o
 .debug_macro   0x000162cd       0x3a ./Core/Src/main.o
 .debug_macro   0x00016307       0x2e ./Core/Src/main.o
 .debug_macro   0x00016335      0x3b9 ./Core/Src/midi.o
 .debug_macro   0x000166ee       0x3a ./Core/Src/midi.o
 .debug_macro   0x00016728      0x237 ./Core/Src/note.o
 .debug_macro   0x0001695f      0x228 ./Core/Src/sk6812MiniE.o
 .debug_macro   0x00016b87      0x21f ./Core/Src/stm32f4xx_hal_msp.o
 .debug_macro   0x00016da6      0x229 ./Core/Src/stm32f4xx_it.o
 .debug_macro   0x00016fcf      0x210 ./Core/Src/system_stm32f4xx.o
 .debug_macro   0x000171df      0x270 ./Drivers/STM32F4xx_HAL_Driver/Src/stm32f4xx_hal.o
 .debug_macro   0x0001744f      0x211 ./Drivers/STM32F4xx_HAL_Driver/Src/stm32f4xx_hal_adc.o
 .debug_macro   0x00017660      0x210 ./Drivers/STM32F4xx_HAL_Driver/Src/stm32f4xx_hal_adc_ex.o
 .debug_macro   0x00017870      0x210 ./Drivers/STM32F4xx_HAL_Driver/Src/stm32f4xx_hal_cortex.o
 .debug_macro   0x00017a80      0x216 ./Drivers/STM32F4xx_HAL_Driver/Src/stm32f4xx_hal_dma.o
 .debug_macro   0x00017c96      0x216 ./Drivers/STM32F4xx_HAL_Driver/Src/stm32f4xx_hal_gpio.o
 .debug_macro   0x00017eac      0x21c ./Drivers/STM32F4xx_HAL_Driver/Src/stm32f4xx_hal_pcd.o
 .debug_macro   0x000180c8      0x210 ./Drivers/STM32F4xx_HAL_Driver/Src/stm32f4xx_hal_pcd_ex.o
 .debug_macro   0x000182d8      0x234 ./Drivers/STM32F4xx_HAL_Driver/Src/stm32f4xx_hal_rcc.o
 .debug_macro   0x0001850c      0x211 ./Drivers/STM32F4xx_HAL_Driver/Src/stm32f4xx_hal_tim.o
 .debug_macro   0x0001871d      0x210 ./Drivers/STM32F4xx_HAL_Driver/Src/stm32f4xx_hal_tim_ex.o
 .debug_macro   0x0001892d      0x210 ./Drivers/STM32F4xx_HAL_Driver/Src/stm32f4xx_ll_usb.o
 .debug_macro   0x00018b3d      0x3ae ./Middlewares/ST/STM32_USB_Device_Library/Class/HID/Src/usbd_hid.o
 .debug_macro   0x00018eeb       0x9e ./Middlewares/ST/STM32_USB_Device_Library/Class/HID/Src/usbd_hid.o
 .debug_macro   0x00018f89      0x10b ./Middlewares/ST/STM32_USB_Device_Library/Class/HID/Src/usbd_hid.o
 .debug_macro   0x00019094       0x56 ./Middlewares/ST/STM32_USB_Device_Library/Class/HID/Src/usbd_hid.o
 .debug_macro   0x000190ea      0x395 ./Middlewares/ST/STM32_USB_Device_Library/Core/Src/usbd_core.o
 .debug_macro   0x0001947f      0x215 ./Middlewares/ST/STM32_USB_Device_Library/Core/Src/usbd_core.o
 .debug_macro   0x00019694      0x39f ./Middlewares/ST/STM32_USB_Device_Library/Core/Src/usbd_ctlreq.o
 .debug_macro   0x00019a33      0x39b ./Middlewares/ST/STM32_USB_Device_Library/Core/Src/usbd_ioreq.o
 .debug_macro   0x00019dce      0x3c5 ./USB_DEVICE/App/usb_device.o
 .debug_macro   0x0001a193       0x22 ./USB_DEVICE/App/usb_device.o